[2026-07-07 23:35:45] [INFO] (D:\laragon\www\bot_red_220426\class\systemclass.php:75) [chat_id: 5615960344][phone: ] __JSON__:{
    "update_id": 99093596,
    "message": {
        "message_id": 30,
        "from": {
            "id": 5615960344,
            "is_bot": false,
            "first_name": "Василий",
            "username": "basil_best",
            "language_code": "ru"
        },
        "chat": {
            "id": 5615960344,
            "first_name": "Василий",
            "username": "basil_best",
            "type": "private"
        },
        "date": 1783456546,
        "text": "1"
    }
}
[2026-07-07 23:35:45] [INFO] (D:\laragon\www\bot_red_220426\class\actionmodule.php:21) [chat_id: 5615960344][phone: ] 🚀 Init ActionModule
[2026-07-07 23:35:45] [INFO] (D:\laragon\www\bot_red_220426\class\actionmodule.php:30) [chat_id: 5615960344][phone: 0505585932] ▶ Запуск ActionModule::init()
[2026-07-07 23:35:45] [INFO] (D:\laragon\www\bot_red_220426\func\func.php:235) [chat_id: 5615960344][phone: 0505585932] $Command=
[2026-07-07 23:35:45] [INFO] (D:\laragon\www\bot_red_220426\func\func.php:235) [chat_id: 5615960344][phone: 0505585932] actWork
[2026-07-07 23:36:06] [INFO] (D:\laragon\www\bot_red_220426\func\func.php:235) [chat_id: 5615960344][phone: 0505585932] SystemClass::$cntAccounts
[2026-07-07 23:36:06] [INFO] (D:\laragon\www\bot_red_220426\func\func.php:235) [chat_id: 5615960344][phone: 0505585932] 2
[2026-07-07 23:36:06] [INFO] (D:\laragon\www\bot_red_220426\class\systemclass.php:104) [chat_id: 5615960344][phone: 0505585932] 📤 Отправка сообщения Telegram: {"chat_id":5615960344,"text":"Чим я можу Вам допомогти? Натисніть необхідну кнопку знизу!","parse_mode":"html","reply_markup":"{"keyboard":[[{"text":"\u0412\u0438\u0431\u0435\u0440\u0456\u0442\u044c \u043f\u0440\u043e\u0444\u0456\u043b\u044c\ud83d\udc6a"},{"text":"\u041c\u043e\u044f \u043a\u0430\u0440\u0442\u043a\u0430...\ud83d\udcb3 "},{"text":"\u0406\u0441\u0442\u043e\u0440\u0456\u044f \u0432\u0456\u0437\u0438\u0442\u0456\u0432 \ud83d\udcdd "}],[{"text":"\u0410\u043a\u0442\u0438\u0432\u043d\u0456 \u0430\u0431\u043e\u043d\u0435\u043c\u0435\u043d\u0442\u0438 \ud83c\udd70"},{"text":"\u0417\u0430\u043f\u0438\u0441\u0430\u0442\u0438\u0441\u044f \u043d\u0430 \u0442\u0440\u0435\u043d\u0443\u0432\u0430\u043d\u043d\u044f \ud83d\udcc5"},{"text":"\u041c\u043e\u0457 \u0437\u0430\u043f\u0438\u0441\u0438 \ud83d\udcc5"}],[{"text":"\u041a\u043e\u043d\u0442\u0430\u043a\u0442\u0438 \ud83c\udd98 ","web_app":{"url":"https:\/\/braeden-inkiest-insistingly.ngrok-free.dev\/webapps\/web.php?action=contacts"}},{"text":"\u0417\u0432\u043e\u0440\u043e\u0442\u043d\u0456\u0439 \u0437\u0432\u2019\u044f\u0437\u043e\u043a \/ \u0432\u0456\u0434\u0433\u0443\u043a \ud83c\udd98"}]],"one_time_keyboard":false,"resize_keyboard":true}"}
[2026-07-07 23:36:06] [INFO] (D:\laragon\www\bot_red_220426\class\systemclass.php:115) [chat_id: 5615960344][phone: 0505585932] 📤 Telegram response: {"ok":true,"result":{"message_id":32,"from":{"id":8648117136,"is_bot":true,"first_name":"u0442u0435u0441u0442 rebarbell","username":"test_redbarbell_bot"},"chat":{"id":5615960344,"first_name":"u0412u0430u0441u0438u043bu0438u0439","username":"basil_best","type":"private"},"date":1783456567,"text":"u0427u0438u043c u044f u043cu043eu0436u0443 u0412u0430u043c u0434u043eu043fu043eu043cu043eu0433u0442u0438? u041du0430u0442u0438u0441u043du0456u0442u044c u043du0435u043eu0431u0445u0456u0434u043du0443 u043au043du043eu043fu043au0443 u0437u043du0438u0437u0443!"}}
[2026-07-07 23:36:06] [INFO] (D:\laragon\www\bot_red_220426\class\systemclass.php:78) [chat_id: 5615960344][phone: 0505585932] $resultReturn
[2026-07-07 23:36:06] [INFO] (D:\laragon\www\bot_red_220426\class\systemclass.php:79) [chat_id: 5615960344][phone: 0505585932] 
[2026-07-07 23:36:06] [INFO] (D:\laragon\www\bot_red_220426\class\systemclass.php:75) [chat_id: 5615960344][phone: ] __JSON__:{
    "update_id": 99093597,
    "message": {
        "message_id": 31,
        "from": {
            "id": 5615960344,
            "is_bot": false,
            "first_name": "Василий",
            "username": "basil_best",
            "language_code": "ru"
        },
        "chat": {
            "id": 5615960344,
            "first_name": "Василий",
            "username": "basil_best",
            "type": "private"
        },
        "date": 1783456558,
        "text": "Моя картка...💳"
    }
}
[2026-07-07 23:36:06] [INFO] (D:\laragon\www\bot_red_220426\class\actionmodule.php:21) [chat_id: 5615960344][phone: ] 🚀 Init ActionModule
[2026-07-07 23:36:06] [INFO] (D:\laragon\www\bot_red_220426\class\actionmodule.php:30) [chat_id: 5615960344][phone: 0505585932] ▶ Запуск ActionModule::init()
[2026-07-07 23:36:06] [INFO] (D:\laragon\www\bot_red_220426\func\func.php:235) [chat_id: 5615960344][phone: 0505585932] $Command=Моя картка...
[2026-07-07 23:36:06] [INFO] (D:\laragon\www\bot_red_220426\class\actionmodule.php:21) [chat_id: 5615960344][phone: 0505585932] 🚀 Init ActionModule
[2026-07-07 23:36:06] [INFO] (D:\laragon\www\bot_red_220426\func\func.php:235) [chat_id: 5615960344][phone: 0505585932] command=MyCard
[2026-07-07 23:36:27] [INFO] (D:\laragon\www\bot_red_220426\func\func.php:235) [chat_id: 5615960344][phone: 0505585932] SystemClass::$cntAccounts
[2026-07-07 23:36:27] [INFO] (D:\laragon\www\bot_red_220426\func\func.php:235) [chat_id: 5615960344][phone: 0505585932] 2
[2026-07-07 23:36:27] [INFO] (D:\laragon\www\bot_red_220426\class\systemclass.php:174) [chat_id: 5615960344][phone: 0505585932] 🖼 Отправка фото Telegram: {"chat_id":5615960344,"caption":"u0422u0432u043eu044f u043au0430u0440u0442u043au0430 u043du043eu043cu0435u0440 <b>"0505585932"</b>","photo":{"name":"D:/laragon/www/bot_red_220426/barcodes/0505585932_1.png","mime":"","postname":""},"parse_mode":"html","reply_markup":"{"keyboard":[[{"text":"\u0412\u0438\u0431\u0435\u0440\u0456\u0442\u044c \u043f\u0440\u043e\u0444\u0456\u043b\u044c\ud83d\udc6a"},{"text":"\u041c\u043e\u044f \u043a\u0430\u0440\u0442\u043a\u0430...\ud83d\udcb3 "},{"text":"\u0406\u0441\u0442\u043e\u0440\u0456\u044f \u0432\u0456\u0437\u0438\u0442\u0456\u0432 \ud83d\udcdd "}],[{"text":"\u0410\u043a\u0442\u0438\u0432\u043d\u0456 \u0430\u0431\u043e\u043d\u0435\u043c\u0435\u043d\u0442\u0438 \ud83c\udd70"},{"text":"\u0417\u0430\u043f\u0438\u0441\u0430\u0442\u0438\u0441\u044f \u043d\u0430 \u0442\u0440\u0435\u043d\u0443\u0432\u0430\u043d\u043d\u044f \ud83d\udcc5"},{"text":"\u041c\u043e\u0457 \u0437\u0430\u043f\u0438\u0441\u0438 \ud83d\udcc5"}],[{"text":"\u041a\u043e\u043d\u0442\u0430\u043a\u0442\u0438 \ud83c\udd98 ","web_app":{"url":"https:\/\/braeden-inkiest-insistingly.ngrok-free.dev\/webapps\/web.php?action=contacts"}},{"text":"\u0417\u0432\u043e\u0440\u043e\u0442\u043d\u0456\u0439 \u0437\u0432\u2019\u044f\u0437\u043e\u043a \/ \u0432\u0456\u0434\u0433\u0443\u043a \ud83c\udd98"}]],"one_time_keyboard":false,"resize_keyboard":true}"}
[2026-07-07 23:36:28] [INFO] (D:\laragon\www\bot_red_220426\class\systemclass.php:78) [chat_id: 5615960344][phone: 0505585932] $resultReturn
[2026-07-07 23:36:28] [INFO] (D:\laragon\www\bot_red_220426\class\systemclass.php:79) [chat_id: 5615960344][phone: 0505585932] 
[2026-07-07 23:36:37] [INFO] (D:\laragon\www\bot_red_220426\class\systemclass.php:75) [chat_id: 536912870][phone: ] __JSON__:{
    "update_id": 99093598,
    "message": {
        "message_id": 34,
        "from": {
            "id": 536912870,
            "is_bot": false,
            "first_name": "Василий",
            "username": "Neo_basil",
            "language_code": "ru"
        },
        "chat": {
            "id": 536912870,
            "first_name": "Василий",
            "username": "Neo_basil",
            "type": "private"
        },
        "date": 1783456598,
        "text": "1"
    }
}
[2026-07-07 23:36:37] [INFO] (D:\laragon\www\bot_red_220426\class\actionmodule.php:21) [chat_id: 536912870][phone: ] 🚀 Init ActionModule
[2026-07-07 23:36:37] [INFO] (D:\laragon\www\bot_red_220426\class\actionmodule.php:30) [chat_id: 536912870][phone: 0681245640] ▶ Запуск ActionModule::init()
[2026-07-07 23:36:37] [INFO] (D:\laragon\www\bot_red_220426\func\func.php:235) [chat_id: 536912870][phone: 0681245640] $Command=
[2026-07-07 23:36:37] [INFO] (D:\laragon\www\bot_red_220426\func\func.php:235) [chat_id: 536912870][phone: 0681245640] actWork
[2026-07-07 23:36:37] [INFO] (D:\laragon\www\bot_red_220426\func\func.php:235) [chat_id: 536912870][phone: 0681245640] SystemClass::$cntAccounts
[2026-07-07 23:36:37] [INFO] (D:\laragon\www\bot_red_220426\func\func.php:235) [chat_id: 536912870][phone: 0681245640] 2
[2026-07-07 23:36:37] [INFO] (D:\laragon\www\bot_red_220426\class\systemclass.php:104) [chat_id: 536912870][phone: 0681245640] 📤 Отправка сообщения Telegram: {"chat_id":536912870,"text":"Чим я можу Вам допомогти? Натисніть необхідну кнопку знизу!","parse_mode":"html","reply_markup":"{"keyboard":[[{"text":"\u0417\u0430\u043f\u0438\u0441\u0430\u0442\u0438\u0441\u044f \u043d\u0430 \u0442\u0440\u0435\u043d\u0443\u0432\u0430\u043d\u043d\u044f \ud83d\udcc5"},{"text":"\u041c\u043e\u0457 \u0437\u0430\u043f\u0438\u0441\u0438 \ud83d\udcc5"}],[{"text":"\u041a\u043e\u043d\u0442\u0430\u043a\u0442\u0438 \ud83c\udd98 ","web_app":{"url":"https:\/\/braeden-inkiest-insistingly.ngrok-free.dev\/webapps\/web.php?action=contacts"}},{"text":"\u0417\u0432\u043e\u0440\u043e\u0442\u043d\u0456\u0439 \u0437\u0432\u2019\u044f\u0437\u043e\u043a \/ \u0432\u0456\u0434\u0433\u0443\u043a \ud83c\udd98"}],[{"text":"\u0417\u043d\u0430\u0439\u0442\u0438 \u043a\u043b\u0456\u0454\u043d\u0442\u0430 \u2139","web_app":{"url":"https:\/\/braeden-inkiest-insistingly.ngrok-free.dev\/webapps\/web.php?action=work_acc&admin=1"}},{"text":"\u041d\u0430\u043b\u0430\u0448\u0442\u0443\u0432\u0430\u043d\u043d\u044f \ud83d\udc6e"},{"text":"\u0417\u0432\u0456\u0442\u0438 \ud83d\udcca","web_app":{"url":"https:\/\/braeden-inkiest-insistingly.ngrok-free.dev\/webapps\/web.php?action=reports&admin=1"}}]],"one_time_keyboard":false,"resize_keyboard":true}"}
[2026-07-07 23:36:38] [INFO] (D:\laragon\www\bot_red_220426\class\systemclass.php:115) [chat_id: 536912870][phone: 0681245640] 📤 Telegram response: {"ok":true,"result":{"message_id":35,"from":{"id":8648117136,"is_bot":true,"first_name":"u0442u0435u0441u0442 rebarbell","username":"test_redbarbell_bot"},"chat":{"id":536912870,"first_name":"u0412u0430u0441u0438u043bu0438u0439","username":"Neo_basil","type":"private"},"date":1783456598,"text":"u0427u0438u043c u044f u043cu043eu0436u0443 u0412u0430u043c u0434u043eu043fu043eu043cu043eu0433u0442u0438? u041du0430u0442u0438u0441u043du0456u0442u044c u043du0435u043eu0431u0445u0456u0434u043du0443 u043au043du043eu043fu043au0443 u0437u043du0438u0437u0443!"}}
[2026-07-07 23:36:38] [INFO] (D:\laragon\www\bot_red_220426\class\systemclass.php:78) [chat_id: 536912870][phone: 0681245640] $resultReturn
[2026-07-07 23:36:38] [INFO] (D:\laragon\www\bot_red_220426\class\systemclass.php:79) [chat_id: 536912870][phone: 0681245640] 
[2026-07-07 23:37:32] [INFO] (D:\laragon\www\bot_red_220426\class\systemclass.php:75) [chat_id: 5615960344][phone: ] __JSON__:{
    "update_id": 99093599,
    "message": {
        "message_id": 36,
        "from": {
            "id": 5615960344,
            "is_bot": false,
            "first_name": "Василий",
            "username": "basil_best",
            "language_code": "ru"
        },
        "chat": {
            "id": 5615960344,
            "first_name": "Василий",
            "username": "basil_best",
            "type": "private"
        },
        "date": 1783456653,
        "text": "4"
    }
}
[2026-07-07 23:37:32] [INFO] (D:\laragon\www\bot_red_220426\class\actionmodule.php:21) [chat_id: 5615960344][phone: ] 🚀 Init ActionModule
[2026-07-07 23:37:32] [INFO] (D:\laragon\www\bot_red_220426\class\actionmodule.php:30) [chat_id: 5615960344][phone: 0505585932] ▶ Запуск ActionModule::init()
[2026-07-07 23:37:32] [INFO] (D:\laragon\www\bot_red_220426\func\func.php:235) [chat_id: 5615960344][phone: 0505585932] $Command=
[2026-07-07 23:37:32] [INFO] (D:\laragon\www\bot_red_220426\func\func.php:235) [chat_id: 5615960344][phone: 0505585932] actWork
[2026-07-07 23:37:32] [INFO] (D:\laragon\www\bot_red_220426\func\func.php:235) [chat_id: 5615960344][phone: 0505585932] SystemClass::$cntAccounts
[2026-07-07 23:37:32] [INFO] (D:\laragon\www\bot_red_220426\func\func.php:235) [chat_id: 5615960344][phone: 0505585932] 2
[2026-07-07 23:37:32] [INFO] (D:\laragon\www\bot_red_220426\class\systemclass.php:104) [chat_id: 5615960344][phone: 0505585932] 📤 Отправка сообщения Telegram: {"chat_id":5615960344,"text":"Чим я можу Вам допомогти? Натисніть необхідну кнопку знизу!","parse_mode":"html","reply_markup":"{"keyboard":[[{"text":"\u0412\u0438\u0431\u0435\u0440\u0456\u0442\u044c \u043f\u0440\u043e\u0444\u0456\u043b\u044c\ud83d\udc6a"},{"text":"\u041c\u043e\u044f \u043a\u0430\u0440\u0442\u043a\u0430...\ud83d\udcb3 "},{"text":"\u0406\u0441\u0442\u043e\u0440\u0456\u044f \u0432\u0456\u0437\u0438\u0442\u0456\u0432 \ud83d\udcdd "}],[{"text":"\u0410\u043a\u0442\u0438\u0432\u043d\u0456 \u0430\u0431\u043e\u043d\u0435\u043c\u0435\u043d\u0442\u0438 \ud83c\udd70"},{"text":"\u0417\u0430\u043f\u0438\u0441\u0430\u0442\u0438\u0441\u044f \u043d\u0430 \u0442\u0440\u0435\u043d\u0443\u0432\u0430\u043d\u043d\u044f \ud83d\udcc5"},{"text":"\u041c\u043e\u0457 \u0437\u0430\u043f\u0438\u0441\u0438 \ud83d\udcc5"}],[{"text":"\u041a\u043e\u043d\u0442\u0430\u043a\u0442\u0438 \ud83c\udd98 ","web_app":{"url":"https:\/\/braeden-inkiest-insistingly.ngrok-free.dev\/webapps\/web.php?action=contacts"}},{"text":"\u0417\u0432\u043e\u0440\u043e\u0442\u043d\u0456\u0439 \u0437\u0432\u2019\u044f\u0437\u043e\u043a \/ \u0432\u0456\u0434\u0433\u0443\u043a \ud83c\udd98"}]],"one_time_keyboard":false,"resize_keyboard":true}"}
[2026-07-07 23:37:33] [INFO] (D:\laragon\www\bot_red_220426\class\systemclass.php:115) [chat_id: 5615960344][phone: 0505585932] 📤 Telegram response: {"ok":true,"result":{"message_id":37,"from":{"id":8648117136,"is_bot":true,"first_name":"u0442u0435u0441u0442 rebarbell","username":"test_redbarbell_bot"},"chat":{"id":5615960344,"first_name":"u0412u0430u0441u0438u043bu0438u0439","username":"basil_best","type":"private"},"date":1783456653,"text":"u0427u0438u043c u044f u043cu043eu0436u0443 u0412u0430u043c u0434u043eu043fu043eu043cu043eu0433u0442u0438? u041du0430u0442u0438u0441u043du0456u0442u044c u043du0435u043eu0431u0445u0456u0434u043du0443 u043au043du043eu043fu043au0443 u0437u043du0438u0437u0443!"}}
[2026-07-07 23:37:33] [INFO] (D:\laragon\www\bot_red_220426\class\systemclass.php:78) [chat_id: 5615960344][phone: 0505585932] $resultReturn
[2026-07-07 23:37:33] [INFO] (D:\laragon\www\bot_red_220426\class\systemclass.php:79) [chat_id: 5615960344][phone: 0505585932] 
[2026-07-07 23:37:41] [INFO] (D:\laragon\www\bot_red_220426\class\systemclass.php:75) [chat_id: 536912870][phone: ] __JSON__:{
    "update_id": 99093600,
    "message": {
        "message_id": 38,
        "from": {
            "id": 536912870,
            "is_bot": false,
            "first_name": "Василий",
            "username": "Neo_basil",
            "language_code": "ru"
        },
        "chat": {
            "id": 536912870,
            "first_name": "Василий",
            "username": "Neo_basil",
            "type": "private"
        },
        "date": 1783456662,
        "text": "Налаштування 👮"
    }
}
[2026-07-07 23:37:41] [INFO] (D:\laragon\www\bot_red_220426\class\actionmodule.php:21) [chat_id: 536912870][phone: ] 🚀 Init ActionModule
[2026-07-07 23:37:41] [INFO] (D:\laragon\www\bot_red_220426\class\actionmodule.php:30) [chat_id: 536912870][phone: 0681245640] ▶ Запуск ActionModule::init()
[2026-07-07 23:37:41] [INFO] (D:\laragon\www\bot_red_220426\func\func.php:235) [chat_id: 536912870][phone: 0681245640] $Command=Налаштування 
[2026-07-07 23:37:41] [INFO] (D:\laragon\www\bot_red_220426\func\func.php:235) [chat_id: 536912870][phone: 0681245640] nastr
[2026-07-07 23:37:41] [INFO] (D:\laragon\www\bot_red_220426\class\systemclass.php:104) [chat_id: 536912870][phone: 0681245640] 📤 Отправка сообщения Telegram: {"chat_id":536912870,"text":"Оберіть меню налаштувань:","parse_mode":"html","reply_markup":"{"inline_keyboard":[[{"text":"\u0421\u043f\u0456\u0432\u0440\u043e\u0431\u0456\u0442\u043d\u0438\u043a\u0438","web_app":{"url":"https:\/\/braeden-inkiest-insistingly.ngrok-free.dev\/webapps\/web.php?action=spr_sotr"}}],[{"text":"\u041a\u043b\u0443\u0431\u0438","web_app":{"url":"https:\/\/braeden-inkiest-insistingly.ngrok-free.dev\/webapps\/web.php?action=spr_clubs"}}]]}"}
[2026-07-07 23:37:42] [INFO] (D:\laragon\www\bot_red_220426\class\systemclass.php:115) [chat_id: 536912870][phone: 0681245640] 📤 Telegram response: {"ok":true,"result":{"message_id":39,"from":{"id":8648117136,"is_bot":true,"first_name":"u0442u0435u0441u0442 rebarbell","username":"test_redbarbell_bot"},"chat":{"id":536912870,"first_name":"u0412u0430u0441u0438u043bu0438u0439","username":"Neo_basil","type":"private"},"date":1783456662,"text":"u041eu0431u0435u0440u0456u0442u044c u043cu0435u043du044e u043du0430u043bu0430u0448u0442u0443u0432u0430u043du044c:","reply_markup":{"inline_keyboard":[[{"text":"u0421u043fu0456u0432u0440u043eu0431u0456u0442u043du0438u043au0438","web_app":{"url":"https://braeden-inkiest-insistingly.ngrok-free.dev/webapps/web.php?action=spr_sotr"}}],[{"text":"u041au043bu0443u0431u0438","web_app":{"url":"https://braeden-inkiest-insistingly.ngrok-free.dev/webapps/web.php?action=spr_clubs"}}]]}}}
[2026-07-07 23:37:42] [INFO] (D:\laragon\www\bot_red_220426\class\systemclass.php:78) [chat_id: 536912870][phone: 0681245640] $resultReturn
[2026-07-07 23:37:42] [INFO] (D:\laragon\www\bot_red_220426\class\systemclass.php:79) [chat_id: 536912870][phone: 0681245640] 
[2026-07-07 23:38:09] [INFO] (D:\laragon\www\bot_red_220426\func\func.php:235) [chat_id: -][phone: -] $ip=193.194.107.2 $club=1
[2026-07-07 23:38:52] [INFO] (D:\laragon\www\bot_red_220426\class\systemclass.php:75) [chat_id: 5615960344][phone: ] __JSON__:{
    "update_id": 99093601,
    "message": {
        "message_id": 40,
        "from": {
            "id": 5615960344,
            "is_bot": false,
            "first_name": "Василий",
            "username": "basil_best",
            "language_code": "ru"
        },
        "chat": {
            "id": 5615960344,
            "first_name": "Василий",
            "username": "basil_best",
            "type": "private"
        },
        "date": 1783456732,
        "text": "4"
    }
}
[2026-07-07 23:38:52] [INFO] (D:\laragon\www\bot_red_220426\class\actionmodule.php:21) [chat_id: 5615960344][phone: ] 🚀 Init ActionModule
[2026-07-07 23:38:52] [INFO] (D:\laragon\www\bot_red_220426\class\actionmodule.php:30) [chat_id: 5615960344][phone: 0505585932] ▶ Запуск ActionModule::init()
[2026-07-07 23:38:52] [INFO] (D:\laragon\www\bot_red_220426\func\func.php:235) [chat_id: 5615960344][phone: 0505585932] $Command=
[2026-07-07 23:38:52] [INFO] (D:\laragon\www\bot_red_220426\func\func.php:235) [chat_id: 5615960344][phone: 0505585932] actWork
[2026-07-07 23:38:52] [INFO] (D:\laragon\www\bot_red_220426\func\func.php:235) [chat_id: 5615960344][phone: 0505585932] SystemClass::$cntAccounts
[2026-07-07 23:38:52] [INFO] (D:\laragon\www\bot_red_220426\func\func.php:235) [chat_id: 5615960344][phone: 0505585932] 2
[2026-07-07 23:38:52] [INFO] (D:\laragon\www\bot_red_220426\class\systemclass.php:104) [chat_id: 5615960344][phone: 0505585932] 📤 Отправка сообщения Telegram: {"chat_id":5615960344,"text":"Чим я можу Вам допомогти? Натисніть необхідну кнопку знизу!","parse_mode":"html","reply_markup":"{"keyboard":[[{"text":"\u0427\u0430\u0442\u0438 \u0437 \u043a\u043b\u0456\u0454\u043d\u0442\u0430\u043c\u0438 \ud83d\udce9 ","web_app":{"url":"https:\/\/braeden-inkiest-insistingly.ngrok-free.dev\/webapps\/web.php?action=chats_clients&club=2&chat_id=5615960344"}},{"text":"\u0420\u043e\u0437\u0441\u0438\u043b\u043a\u0430 \ud83d\udce2 ","web_app":{"url":"https:\/\/braeden-inkiest-insistingly.ngrok-free.dev\/webapps\/web.php?action=send_mess&club=2&chat_id=5615960344"}},{"text":"\u0417\u043d\u0430\u0439\u0442\u0438 \u043a\u043b\u0456\u0454\u043d\u0442\u0430 \ud83d\udd0d","web_app":{"url":"https:\/\/braeden-inkiest-insistingly.ngrok-free.dev\/webapps\/web.php?action=work_acc&admin=2"}}],[{"text":"\u0417\u0430\u043f\u0438\u0441\u0430\u0442\u0438\u0441\u044f \u043d\u0430 \u0442\u0440\u0435\u043d\u0443\u0432\u0430\u043d\u043d\u044f \ud83d\udcc5"},{"text":"\u041a\u043e\u043d\u0442\u0430\u043a\u0442\u0438  \u260e\ufe0f ","web_app":{"url":"https:\/\/braeden-inkiest-insistingly.ngrok-free.dev\/webapps\/web.php?action=contacts"}}]],"one_time_keyboard":false,"resize_keyboard":true}"}
[2026-07-07 23:38:52] [INFO] (D:\laragon\www\bot_red_220426\class\systemclass.php:115) [chat_id: 5615960344][phone: 0505585932] 📤 Telegram response: {"ok":true,"result":{"message_id":41,"from":{"id":8648117136,"is_bot":true,"first_name":"u0442u0435u0441u0442 rebarbell","username":"test_redbarbell_bot"},"chat":{"id":5615960344,"first_name":"u0412u0430u0441u0438u043bu0438u0439","username":"basil_best","type":"private"},"date":1783456733,"text":"u0427u0438u043c u044f u043cu043eu0436u0443 u0412u0430u043c u0434u043eu043fu043eu043cu043eu0433u0442u0438? u041du0430u0442u0438u0441u043du0456u0442u044c u043du0435u043eu0431u0445u0456u0434u043du0443 u043au043du043eu043fu043au0443 u0437u043du0438u0437u0443!"}}
[2026-07-07 23:38:52] [INFO] (D:\laragon\www\bot_red_220426\class\systemclass.php:78) [chat_id: 5615960344][phone: 0505585932] $resultReturn
[2026-07-07 23:38:52] [INFO] (D:\laragon\www\bot_red_220426\class\systemclass.php:79) [chat_id: 5615960344][phone: 0505585932] 
[2026-07-07 23:53:51] [INFO] (D:\laragon\www\bot_red_220426\class\systemclass.php:75) [chat_id: 5615960344][phone: ] __JSON__:{
    "update_id": 99093602,
    "message": {
        "message_id": 42,
        "from": {
            "id": 5615960344,
            "is_bot": false,
            "first_name": "Василий",
            "username": "basil_best",
            "language_code": "ru"
        },
        "chat": {
            "id": 5615960344,
            "first_name": "Василий",
            "username": "basil_best",
            "type": "private"
        },
        "date": 1783457632,
        "text": "Записатися на тренування 📅"
    }
}
[2026-07-07 23:53:51] [INFO] (D:\laragon\www\bot_red_220426\class\actionmodule.php:21) [chat_id: 5615960344][phone: ] 🚀 Init ActionModule
[2026-07-07 23:53:51] [INFO] (D:\laragon\www\bot_red_220426\class\actionmodule.php:30) [chat_id: 5615960344][phone: 0505585932] ▶ Запуск ActionModule::init()
[2026-07-07 23:53:51] [INFO] (D:\laragon\www\bot_red_220426\func\func.php:235) [chat_id: 5615960344][phone: 0505585932] $Command=Записатися на тренування 
[2026-07-07 23:53:51] [INFO] (D:\laragon\www\bot_red_220426\class\systemclass.php:104) [chat_id: 5615960344][phone: 0505585932] 📤 Отправка сообщения Telegram: {"chat_id":5615960344,"text":"Оберіть тип запису:","parse_mode":"html","reply_markup":"{"inline_keyboard":[[{"text":"\u0417\u0430\u043f\u0438\u0441 \u043d\u0430 \u0444\u0456\u0442\u043d\u0435\u0441 \u0442\u0440\u0435\u043d\u0443\u0432\u0430\u043d\u043d\u044f","web_app":{"url":"https:\/\/braeden-inkiest-insistingly.ngrok-free.dev\/webapps\/web.php?action=zapis_to_fitness&tp=fitness&acc=12495&ip_club=178.151.119.180"}}]]}"}
[2026-07-07 23:53:51] [INFO] (D:\laragon\www\bot_red_220426\class\systemclass.php:115) [chat_id: 5615960344][phone: 0505585932] 📤 Telegram response: {"ok":true,"result":{"message_id":43,"from":{"id":8648117136,"is_bot":true,"first_name":"u0442u0435u0441u0442 rebarbell","username":"test_redbarbell_bot"},"chat":{"id":5615960344,"first_name":"u0412u0430u0441u0438u043bu0438u0439","username":"basil_best","type":"private"},"date":1783457632,"text":"u041eu0431u0435u0440u0456u0442u044c u0442u0438u043f u0437u0430u043fu0438u0441u0443:","reply_markup":{"inline_keyboard":[[{"text":"u0417u0430u043fu0438u0441 u043du0430 u0444u0456u0442u043du0435u0441 u0442u0440u0435u043du0443u0432u0430u043du043du044f","web_app":{"url":"https://braeden-inkiest-insistingly.ngrok-free.dev/webapps/web.php?action=zapis_to_fitness&tp=fitness&acc=12495&ip_club=178.151.119.180"}}]]}}}
[2026-07-07 23:53:52] [INFO] (D:\laragon\www\bot_red_220426\class\systemclass.php:78) [chat_id: 5615960344][phone: 0505585932] $resultReturn
[2026-07-07 23:53:52] [INFO] (D:\laragon\www\bot_red_220426\class\systemclass.php:79) [chat_id: 5615960344][phone: 0505585932] 
[2026-07-07 23:55:12] [INFO] (D:\laragon\www\bot_red_220426\class\systemclass.php:75) [chat_id: 536912870][phone: ] __JSON__:{
    "update_id": 99093603,
    "message": {
        "message_id": 44,
        "from": {
            "id": 536912870,
            "is_bot": false,
            "first_name": "Василий",
            "username": "Neo_basil",
            "language_code": "ru"
        },
        "chat": {
            "id": 536912870,
            "first_name": "Василий",
            "username": "Neo_basil",
            "type": "private"
        },
        "date": 1783457713,
        "text": "1"
    }
}
[2026-07-07 23:55:12] [INFO] (D:\laragon\www\bot_red_220426\class\actionmodule.php:21) [chat_id: 536912870][phone: ] 🚀 Init ActionModule
[2026-07-07 23:55:12] [INFO] (D:\laragon\www\bot_red_220426\class\actionmodule.php:30) [chat_id: 536912870][phone: 0681245640] ▶ Запуск ActionModule::init()
[2026-07-07 23:55:12] [INFO] (D:\laragon\www\bot_red_220426\func\func.php:235) [chat_id: 536912870][phone: 0681245640] $Command=
[2026-07-07 23:55:12] [INFO] (D:\laragon\www\bot_red_220426\func\func.php:235) [chat_id: 536912870][phone: 0681245640] actWork
[2026-07-07 23:55:12] [INFO] (D:\laragon\www\bot_red_220426\func\func.php:235) [chat_id: 536912870][phone: 0681245640] SystemClass::$cntAccounts
[2026-07-07 23:55:12] [INFO] (D:\laragon\www\bot_red_220426\func\func.php:235) [chat_id: 536912870][phone: 0681245640] 2
[2026-07-07 23:55:12] [INFO] (D:\laragon\www\bot_red_220426\class\systemclass.php:104) [chat_id: 536912870][phone: 0681245640] 📤 Отправка сообщения Telegram: {"chat_id":536912870,"text":"Чим я можу Вам допомогти? Натисніть необхідну кнопку знизу!","parse_mode":"html","reply_markup":"{"keyboard":[[{"text":"\u0412\u0438\u0431\u0435\u0440\u0456\u0442\u044c \u043f\u0440\u043e\u0444\u0456\u043b\u044c\ud83d\udc6a"},{"text":"\u041c\u043e\u044f \u043a\u0430\u0440\u0442\u043a\u0430...\ud83d\udcb3 "},{"text":"\u0406\u0441\u0442\u043e\u0440\u0456\u044f \u0432\u0456\u0437\u0438\u0442\u0456\u0432 \ud83d\udcdd "}],[{"text":"\u0410\u043a\u0442\u0438\u0432\u043d\u0456 \u0430\u0431\u043e\u043d\u0435\u043c\u0435\u043d\u0442\u0438 \ud83c\udd70"},{"text":"\u0417\u0430\u043f\u0438\u0441\u0430\u0442\u0438\u0441\u044f \u043d\u0430 \u0442\u0440\u0435\u043d\u0443\u0432\u0430\u043d\u043d\u044f \ud83d\udcc5"},{"text":"\u041c\u043e\u0457 \u0437\u0430\u043f\u0438\u0441\u0438 \ud83d\udcc5"}],[{"text":"\u041a\u043e\u043d\u0442\u0430\u043a\u0442\u0438 \ud83c\udd98 ","web_app":{"url":"https:\/\/braeden-inkiest-insistingly.ngrok-free.dev\/webapps\/web.php?action=contacts"}},{"text":"\u0417\u0432\u043e\u0440\u043e\u0442\u043d\u0456\u0439 \u0437\u0432\u2019\u044f\u0437\u043e\u043a \/ \u0432\u0456\u0434\u0433\u0443\u043a \ud83c\udd98"}]],"one_time_keyboard":false,"resize_keyboard":true}"}
[2026-07-07 23:55:12] [INFO] (D:\laragon\www\bot_red_220426\class\systemclass.php:115) [chat_id: 536912870][phone: 0681245640] 📤 Telegram response: {"ok":true,"result":{"message_id":45,"from":{"id":8648117136,"is_bot":true,"first_name":"u0442u0435u0441u0442 rebarbell","username":"test_redbarbell_bot"},"chat":{"id":536912870,"first_name":"u0412u0430u0441u0438u043bu0438u0439","username":"Neo_basil","type":"private"},"date":1783457713,"text":"u0427u0438u043c u044f u043cu043eu0436u0443 u0412u0430u043c u0434u043eu043fu043eu043cu043eu0433u0442u0438? u041du0430u0442u0438u0441u043du0456u0442u044c u043du0435u043eu0431u0445u0456u0434u043du0443 u043au043du043eu043fu043au0443 u0437u043du0438u0437u0443!"}}
[2026-07-07 23:55:12] [INFO] (D:\laragon\www\bot_red_220426\class\systemclass.php:78) [chat_id: 536912870][phone: 0681245640] $resultReturn
[2026-07-07 23:55:12] [INFO] (D:\laragon\www\bot_red_220426\class\systemclass.php:79) [chat_id: 536912870][phone: 0681245640] 
[2026-07-07 21:02:27] [INFO] (D:\laragon\www\bot_red_220426\class\systemclass.php:104) [chat_id: 0][phone: ] 📤 Отправка сообщения Telegram: {"chat_id":"867861941","text":"Не прочитані ( 2 шт) повідомлення від адміністратору клубу","parse_mode":"html","reply_markup":"{"inline_keyboard":[[{"text":"\u0427\u0410\u0422 \u0417 \u0410\u0414\u041c\u0406\u041d\u041e\u041c","web_app":{"url":"https:\/\/braeden-inkiest-insistingly.ngrok-free.dev\/\/webapps\/web.php?action=chart&club=2&who_user_write=867861941&chatid=867861941"}}]]}"}
[2026-07-07 21:02:27] [INFO] (D:\laragon\www\bot_red_220426\class\systemclass.php:115) [chat_id: 0][phone: ] 📤 Telegram response: {"ok":false,"error_code":400,"description":"Bad Request: chat not found"}
[2026-07-07 21:09:37] [INFO] (D:\laragon\www\bot_red_220426\class\systemclass.php:104) [chat_id: 0][phone: ] 📤 Отправка сообщения Telegram: {"chat_id":"536912870","text":"Не прочитані ( 1 шт) повідомлення від адміністратору клубу","parse_mode":"html","reply_markup":"{"inline_keyboard":[[{"text":"\u0427\u0410\u0422 \u0417 \u0410\u0414\u041c\u0406\u041d\u041e\u041c","web_app":{"url":"https:\/\/braeden-inkiest-insistingly.ngrok-free.dev\/\/webapps\/web.php?action=chart&club=2&who_user_write=536912870&chatid=536912870"}}]]}"}
[2026-07-07 21:09:37] [INFO] (D:\laragon\www\bot_red_220426\class\systemclass.php:115) [chat_id: 0][phone: ] 📤 Telegram response: {"ok":true,"result":{"message_id":46,"from":{"id":8648117136,"is_bot":true,"first_name":"u0442u0435u0441u0442 rebarbell","username":"test_redbarbell_bot"},"chat":{"id":536912870,"first_name":"u0412u0430u0441u0438u043bu0438u0439","username":"Neo_basil","type":"private"},"date":1783458578,"text":"u041du0435 u043fu0440u043eu0447u0438u0442u0430u043du0456 ( 1 u0448u0442) u043fu043eu0432u0456u0434u043eu043cu043bu0435u043du043du044f u0432u0456u0434 u0430u0434u043cu0456u043du0456u0441u0442u0440u0430u0442u043eu0440u0443 u043au043bu0443u0431u0443","reply_markup":{"inline_keyboard":[[{"text":"u0427u0410u0422 u0417 u0410u0414u041cu0406u041du041eu041c","web_app":{"url":"https://braeden-inkiest-insistingly.ngrok-free.dev//webapps/web.php?action=chart&club=2&who_user_write=536912870&chatid=536912870"}}]]}}}
