[2026-02-01 03:05:53] [INFO] (/home3/redbarbe/public_html/telegram/webapps/action/hist_ost_poslug.php:12) SELECT a.name FROM `spr_acc` a, spr_users u WHERE u.active_account=a.acc and u.chat_id=a.chat_id and a.acc=11419 
and u.club=(select id from spr_clubs where ip_club="212.26.139.90") limit 1
[2026-02-01 03:05:53] [INFO] (/home3/redbarbe/public_html/telegram/webapps/action/hist_ost_poslug.php:13) hist_ost_poslug
[2026-02-01 03:05:53] [INFO] (/home3/redbarbe/public_html/telegram/webapps/action/hist_ost_poslug.php:104) Array
(
    [acc] => 11419
    [command] => GET_OST_POSLUG_ACC
)

[2026-02-01 03:05:53] [INFO] (/home3/redbarbe/public_html/telegram/webapps/action/hist_ost_poslug.php:105) ip=212.26.139.90
[2026-02-01 09:05:50] [INFO] (/home3/redbarbe/public_html/telegram/webapps/action/my_zapis.php:104) Нет связи с сервером
[2026-02-01 09:40:55] [INFO] (/home3/redbarbe/public_html/telegram/webapps/action/ajax_get_tren.php:35) Array
(
    [0] => Array
        (
            [KOD] => 798829
            [TIME_FROM] => 11:00
            [TIME_TO] => 12:00               
            [CLIENTS_CNT] => 5
            [TOV_NAME] => Cycle
            [ACC] => 0
            [CNTTRAN] => 5
            [CNTTRANRESERV] => 0
        )

    [1] => Array
        (
            [KOD] => 798831
            [TIME_FROM] => 12:00
            [TIME_TO] => 13:00               
            [CLIENTS_CNT] => 0
            [TOV_NAME] => Stretching
            [ACC] => 0
            [CNTTRAN] => 3
            [CNTTRANRESERV] => 0
        )

)

[2026-02-01 09:40:55] [INFO] (/home3/redbarbe/public_html/telegram/webapps/action/ajax_get_tren.php:61) Array
(
    [KOD] => 798829
    [TIME_FROM] => 11:00
    [TIME_TO] => 12:00               
    [CLIENTS_CNT] => 5
    [TOV_NAME] => Cycle
    [ACC] => 0
    [CNTTRAN] => 5
    [CNTTRANRESERV] => 0
)

[2026-02-01 09:40:55] [INFO] (/home3/redbarbe/public_html/telegram/webapps/action/ajax_get_tren.php:61) Array
(
    [KOD] => 798831
    [TIME_FROM] => 12:00
    [TIME_TO] => 13:00               
    [CLIENTS_CNT] => 0
    [TOV_NAME] => Stretching
    [ACC] => 0
    [CNTTRAN] => 3
    [CNTTRANRESERV] => 0
)

[2026-02-01 09:41:00] [INFO] (/home3/redbarbe/public_html/telegram/webapps/action/ajax_fitness_zapis.php:22) Array
(
    [ajax_method] => 2
    [action] => ajax_fitness_zapis
    [dat] => 01.02.2026
    [acc] => 13822
    [trenid] => 798831
    [ost_all] => 100
    [ip_club] => 178.158.212.173
    [acctozapis] => 0
    [time_from] => 12:00
)

[2026-02-01 10:03:50] [INFO] (/home3/redbarbe/public_html/telegram/webapps/action/hist_grp.php:16) SELECT a.name FROM `spr_acc` a, spr_users u WHERE u.active_account=a.acc and u.chat_id=a.chat_id and a.acc=11918 
and u.club=(select id from spr_clubs where ip_club="212.26.139.90") limit 1
[2026-02-01 10:03:50] [INFO] (/home3/redbarbe/public_html/telegram/webapps/action/hist_grp.php:17) hist_grp
[2026-02-01 10:03:50] [INFO] (/home3/redbarbe/public_html/telegram/webapps/action/hist_grp.php:108) Array
(
    [dbeg] => 01.11.2025
    [dend] => today
    [acc] => 11918
    [command] => get_grp_history
)

[2026-02-01 10:03:50] [INFO] (/home3/redbarbe/public_html/telegram/webapps/action/hist_grp.php:109) ip=212.26.139.90
[2026-02-01 10:05:35] [INFO] (/home3/redbarbe/public_html/telegram/webapps/action/ajax_get_tren.php:35) Нет связи с сервером
[2026-02-01 10:05:47] [INFO] (/home3/redbarbe/public_html/telegram/webapps/action/ajax_get_tren.php:35) Нет связи с сервером
[2026-02-01 10:05:55] [INFO] (/home3/redbarbe/public_html/telegram/webapps/action/ajax_get_tren.php:35) Нет связи с сервером
[2026-02-01 10:05:55] [INFO] (/home3/redbarbe/public_html/telegram/webapps/action/ajax_get_tren.php:35) Нет связи с сервером
[2026-02-01 10:06:07] [INFO] (/home3/redbarbe/public_html/telegram/webapps/action/ajax_get_tren.php:35) Нет связи с сервером
[2026-02-01 10:06:16] [INFO] (/home3/redbarbe/public_html/telegram/webapps/action/ajax_get_tren.php:35) Нет связи с сервером
[2026-02-01 10:06:28] [INFO] (/home3/redbarbe/public_html/telegram/webapps/action/ajax_get_tren.php:35) Нет связи с сервером
[2026-02-01 10:06:36] [INFO] (/home3/redbarbe/public_html/telegram/webapps/action/ajax_get_tren.php:35) Нет связи с сервером
[2026-02-01 10:06:48] [INFO] (/home3/redbarbe/public_html/telegram/webapps/action/ajax_get_tren.php:35) Нет связи с сервером
[2026-02-01 10:06:57] [INFO] (/home3/redbarbe/public_html/telegram/webapps/action/ajax_get_tren.php:35) Нет связи с сервером
[2026-02-01 10:07:05] [INFO] (/home3/redbarbe/public_html/telegram/webapps/action/ajax_get_tren.php:35) Нет связи с сервером
[2026-02-01 10:07:17] [INFO] (/home3/redbarbe/public_html/telegram/webapps/action/ajax_get_tren.php:35) Нет связи с сервером
[2026-02-01 10:07:29] [INFO] (/home3/redbarbe/public_html/telegram/webapps/action/ajax_get_tren.php:35) Нет связи с сервером
[2026-02-01 10:20:00] [INFO] (/home3/redbarbe/public_html/telegram/webapps/action/hist_ind.php:16) SELECT a.name FROM `spr_acc` a, spr_users u WHERE u.active_account=a.acc and u.chat_id=a.chat_id and a.acc=13670 
and u.club=(select id from spr_clubs where ip_club="212.26.139.90") limit 1
[2026-02-01 10:20:00] [INFO] (/home3/redbarbe/public_html/telegram/webapps/action/hist_ind.php:17) hist_grp
[2026-02-01 10:20:00] [INFO] (/home3/redbarbe/public_html/telegram/webapps/action/hist_ind.php:108) Array
(
    [dbeg] => 01.11.2025
    [dend] => today
    [acc] => 13670
    [command] => get_ind_history
)

[2026-02-01 10:20:00] [INFO] (/home3/redbarbe/public_html/telegram/webapps/action/hist_ind.php:109) ip=212.26.139.90
[2026-02-01 10:21:08] [INFO] (/home3/redbarbe/public_html/telegram/webapps/action/hist_ind.php:16) SELECT a.name FROM `spr_acc` a, spr_users u WHERE u.active_account=a.acc and u.chat_id=a.chat_id and a.acc=13670 
and u.club=(select id from spr_clubs where ip_club="212.26.139.90") limit 1
[2026-02-01 10:21:08] [INFO] (/home3/redbarbe/public_html/telegram/webapps/action/hist_ind.php:17) hist_grp
[2026-02-01 10:21:08] [INFO] (/home3/redbarbe/public_html/telegram/webapps/action/hist_ind.php:108) Array
(
    [dbeg] => 01.11.2025
    [dend] => today
    [acc] => 13670
    [command] => get_ind_history
)

[2026-02-01 10:21:08] [INFO] (/home3/redbarbe/public_html/telegram/webapps/action/hist_ind.php:109) ip=212.26.139.90
[2026-02-01 10:36:24] [INFO] (/home3/redbarbe/public_html/telegram/webapps/reports/report_pers_detal.php:22) Array
(
)

[2026-02-01 10:36:40] [INFO] (/home3/redbarbe/public_html/telegram/webapps/reports/report_pers_detal.php:22) Array
(
    [ajax_method] => 2
    [action] => report_pers_detal
    [action_report] => report_view
    [admin] => 5
    [date_from] => 01.01.2026
    [date_to] => 31.01.2026
    [ip_club] => 193.194.107.2
    [podr] => grp
    [sotr] => 192
)

[2026-02-01 11:08:05] [INFO] (/home3/redbarbe/public_html/telegram/webapps/action/my_zapis.php:104) 
[2026-02-01 11:08:18] [INFO] (/home3/redbarbe/public_html/telegram/webapps/action/hist_ind.php:16) SELECT a.name FROM `spr_acc` a, spr_users u WHERE u.active_account=a.acc and u.chat_id=a.chat_id and a.acc=14551 
and u.club=(select id from spr_clubs where ip_club="178.158.212.173") limit 1
[2026-02-01 11:08:18] [INFO] (/home3/redbarbe/public_html/telegram/webapps/action/hist_ind.php:17) hist_grp
[2026-02-01 11:08:18] [INFO] (/home3/redbarbe/public_html/telegram/webapps/action/hist_ind.php:108) Array
(
    [dbeg] => 01.11.2025
    [dend] => today
    [acc] => 14551
    [command] => get_ind_history
)

[2026-02-01 11:08:18] [INFO] (/home3/redbarbe/public_html/telegram/webapps/action/hist_ind.php:109) ip=178.158.212.173
[2026-02-01 11:08:31] [INFO] (/home3/redbarbe/public_html/telegram/webapps/action/hist_grp.php:16) SELECT a.name FROM `spr_acc` a, spr_users u WHERE u.active_account=a.acc and u.chat_id=a.chat_id and a.acc=14551 
and u.club=(select id from spr_clubs where ip_club="178.158.212.173") limit 1
[2026-02-01 11:08:31] [INFO] (/home3/redbarbe/public_html/telegram/webapps/action/hist_grp.php:17) hist_grp
[2026-02-01 11:08:31] [INFO] (/home3/redbarbe/public_html/telegram/webapps/action/hist_grp.php:108) Array
(
    [dbeg] => 01.11.2025
    [dend] => today
    [acc] => 14551
    [command] => get_grp_history
)

[2026-02-01 11:08:31] [INFO] (/home3/redbarbe/public_html/telegram/webapps/action/hist_grp.php:109) ip=178.158.212.173
[2026-02-01 11:08:34] [INFO] (/home3/redbarbe/public_html/telegram/webapps/action/hist_ost_poslug.php:12) SELECT a.name FROM `spr_acc` a, spr_users u WHERE u.active_account=a.acc and u.chat_id=a.chat_id and a.acc=14551 
and u.club=(select id from spr_clubs where ip_club="178.158.212.173") limit 1
[2026-02-01 11:08:34] [INFO] (/home3/redbarbe/public_html/telegram/webapps/action/hist_ost_poslug.php:13) hist_ost_poslug
[2026-02-01 11:08:34] [INFO] (/home3/redbarbe/public_html/telegram/webapps/action/hist_ost_poslug.php:104) Array
(
    [acc] => 14551
    [command] => GET_OST_POSLUG_ACC
)

[2026-02-01 11:08:34] [INFO] (/home3/redbarbe/public_html/telegram/webapps/action/hist_ost_poslug.php:105) ip=178.158.212.173
[2026-02-01 11:22:52] [INFO] (/home3/redbarbe/public_html/telegram/webapps/action/hist_ind.php:16) SELECT a.name FROM `spr_acc` a, spr_users u WHERE u.active_account=a.acc and u.chat_id=a.chat_id and a.acc=12916 
and u.club=(select id from spr_clubs where ip_club="212.26.139.90") limit 1
[2026-02-01 11:22:52] [INFO] (/home3/redbarbe/public_html/telegram/webapps/action/hist_ind.php:17) hist_grp
[2026-02-01 11:22:52] [INFO] (/home3/redbarbe/public_html/telegram/webapps/action/hist_ind.php:108) Array
(
    [dbeg] => 01.11.2025
    [dend] => today
    [acc] => 12916
    [command] => get_ind_history
)

[2026-02-01 11:22:52] [INFO] (/home3/redbarbe/public_html/telegram/webapps/action/hist_ind.php:109) ip=212.26.139.90
[2026-02-01 11:41:35] [INFO] (/home3/redbarbe/public_html/telegram/webapps/action/ajax_get_tren.php:35) Array
(
    [0] => Array
        (
            [KOD] => 799721
            [TIME_FROM] => 10:00
            [TIME_TO] => 11:00               
            [CLIENTS_CNT] => 0
            [TOV_NAME] => Йога
            [ACC] => 0
            [CNTTRAN] => 0
            [CNTTRANRESERV] => 0
        )

    [1] => Array
        (
            [KOD] => 799871
            [TIME_FROM] => 18:00
            [TIME_TO] => 19:00               
            [CLIENTS_CNT] => 0
            [TOV_NAME] => Йога
            [ACC] => 0
            [CNTTRAN] => 0
            [CNTTRANRESERV] => 0
        )

    [2] => Array
        (
            [KOD] => 799921
            [TIME_FROM] => 18:00
            [TIME_TO] => 19:00               
            [CLIENTS_CNT] => 0
            [TOV_NAME] => Паркур Kids
            [ACC] => 0
            [CNTTRAN] => 0
            [CNTTRANRESERV] => 0
        )

    [3] => Array
        (
            [KOD] => 799771
            [TIME_FROM] => 19:00
            [TIME_TO] => 20:00               
            [CLIENTS_CNT] => 0
            [TOV_NAME] => Паркур
            [ACC] => 0
            [CNTTRAN] => 0
            [CNTTRANRESERV] => 0
        )

    [4] => Array
        (
            [KOD] => 799971
            [TIME_FROM] => 19:00
            [TIME_TO] => 20:00               
            [CLIENTS_CNT] => 0
            [TOV_NAME] => CrossActivity
            [ACC] => 0
            [CNTTRAN] => 0
            [CNTTRANRESERV] => 0
        )

    [5] => Array
        (
            [KOD] => 800021
            [TIME_FROM] => 19:00
            [TIME_TO] => 20:00               
            [CLIENTS_CNT] => 5
            [TOV_NAME] => Cycle
            [ACC] => 0
            [CNTTRAN] => 0
            [CNTTRANRESERV] => 0
        )

    [6] => Array
        (
            [KOD] => 799821
            [TIME_FROM] => 19:00
            [TIME_TO] => 20:00               
            [CLIENTS_CNT] => 0
            [TOV_NAME] => FitnessMix
            [ACC] => 0
            [CNTTRAN] => 0
            [CNTTRANRESERV] => 0
        )

)

[2026-02-01 11:41:35] [INFO] (/home3/redbarbe/public_html/telegram/webapps/action/ajax_get_tren.php:61) Array
(
    [KOD] => 799721
    [TIME_FROM] => 10:00
    [TIME_TO] => 11:00               
    [CLIENTS_CNT] => 0
    [TOV_NAME] => Йога
    [ACC] => 0
    [CNTTRAN] => 0
    [CNTTRANRESERV] => 0
)

[2026-02-01 11:41:35] [INFO] (/home3/redbarbe/public_html/telegram/webapps/action/ajax_get_tren.php:61) Array
(
    [KOD] => 799871
    [TIME_FROM] => 18:00
    [TIME_TO] => 19:00               
    [CLIENTS_CNT] => 0
    [TOV_NAME] => Йога
    [ACC] => 0
    [CNTTRAN] => 0
    [CNTTRANRESERV] => 0
)

[2026-02-01 11:41:35] [INFO] (/home3/redbarbe/public_html/telegram/webapps/action/ajax_get_tren.php:61) Array
(
    [KOD] => 799921
    [TIME_FROM] => 18:00
    [TIME_TO] => 19:00               
    [CLIENTS_CNT] => 0
    [TOV_NAME] => Паркур Kids
    [ACC] => 0
    [CNTTRAN] => 0
    [CNTTRANRESERV] => 0
)

[2026-02-01 11:41:35] [INFO] (/home3/redbarbe/public_html/telegram/webapps/action/ajax_get_tren.php:61) Array
(
    [KOD] => 799771
    [TIME_FROM] => 19:00
    [TIME_TO] => 20:00               
    [CLIENTS_CNT] => 0
    [TOV_NAME] => Паркур
    [ACC] => 0
    [CNTTRAN] => 0
    [CNTTRANRESERV] => 0
)

[2026-02-01 11:41:35] [INFO] (/home3/redbarbe/public_html/telegram/webapps/action/ajax_get_tren.php:61) Array
(
    [KOD] => 799971
    [TIME_FROM] => 19:00
    [TIME_TO] => 20:00               
    [CLIENTS_CNT] => 0
    [TOV_NAME] => CrossActivity
    [ACC] => 0
    [CNTTRAN] => 0
    [CNTTRANRESERV] => 0
)

[2026-02-01 11:41:35] [INFO] (/home3/redbarbe/public_html/telegram/webapps/action/ajax_get_tren.php:61) Array
(
    [KOD] => 800021
    [TIME_FROM] => 19:00
    [TIME_TO] => 20:00               
    [CLIENTS_CNT] => 5
    [TOV_NAME] => Cycle
    [ACC] => 0
    [CNTTRAN] => 0
    [CNTTRANRESERV] => 0
)

[2026-02-01 11:41:35] [INFO] (/home3/redbarbe/public_html/telegram/webapps/action/ajax_get_tren.php:61) Array
(
    [KOD] => 799821
    [TIME_FROM] => 19:00
    [TIME_TO] => 20:00               
    [CLIENTS_CNT] => 0
    [TOV_NAME] => FitnessMix
    [ACC] => 0
    [CNTTRAN] => 0
    [CNTTRANRESERV] => 0
)

[2026-02-01 11:42:07] [INFO] (/home3/redbarbe/public_html/telegram/webapps/action/ajax_fitness_zapis.php:22) Array
(
    [ajax_method] => 2
    [action] => ajax_fitness_zapis
    [dat] => 03.02.2026
    [acc] => 14964
    [trenid] => 800021
    [ost_all] => 5
    [ip_club] => 178.158.212.173
    [acctozapis] => 0
    [time_from] => 19:00
)

[2026-02-01 11:42:14] [INFO] (/home3/redbarbe/public_html/telegram/webapps/action/ajax_get_tren.php:35) Array
(
    [0] => Array
        (
            [KOD] => 775044
            [TIME_FROM] => 10:00
            [TIME_TO] => 11:00               
            [CLIENTS_CNT] => 0
            [TOV_NAME] => Йога
            [ACC] => 0
            [CNTTRAN] => 0
            [CNTTRANRESERV] => 0
        )

    [1] => Array
        (
            [KOD] => 775665
            [TIME_FROM] => 18:00
            [TIME_TO] => 19:00               
            [CLIENTS_CNT] => 0
            [TOV_NAME] => Йога
            [ACC] => 0
            [CNTTRAN] => 0
            [CNTTRANRESERV] => 0
        )

    [2] => Array
        (
            [KOD] => 775872
            [TIME_FROM] => 18:00
            [TIME_TO] => 19:00               
            [CLIENTS_CNT] => 0
            [TOV_NAME] => Паркур Kids
            [ACC] => 0
            [CNTTRAN] => 0
            [CNTTRANRESERV] => 0
        )

    [3] => Array
        (
            [KOD] => 775251
            [TIME_FROM] => 19:00
            [TIME_TO] => 20:00               
            [CLIENTS_CNT] => 0
            [TOV_NAME] => Паркур
            [ACC] => 0
            [CNTTRAN] => 0
            [CNTTRANRESERV] => 0
        )

    [4] => Array
        (
            [KOD] => 776079
            [TIME_FROM] => 19:00
            [TIME_TO] => 20:00               
            [CLIENTS_CNT] => 0
            [TOV_NAME] => CrossActivity
            [ACC] => 0
            [CNTTRAN] => 0
            [CNTTRANRESERV] => 0
        )

    [5] => Array
        (
            [KOD] => 776286
            [TIME_FROM] => 19:00
            [TIME_TO] => 20:00               
            [CLIENTS_CNT] => 5
            [TOV_NAME] => Cycle
            [ACC] => 0
            [CNTTRAN] => 0
            [CNTTRANRESERV] => 0
        )

    [6] => Array
        (
            [KOD] => 775458
            [TIME_FROM] => 19:00
            [TIME_TO] => 20:00               
            [CLIENTS_CNT] => 0
            [TOV_NAME] => FitnessMix
            [ACC] => 0
            [CNTTRAN] => 0
            [CNTTRANRESERV] => 0
        )

    [7] => Array
        (
            [KOD] => 774837
            [TIME_FROM] => 20:00
            [TIME_TO] => 21:00               
            [CLIENTS_CNT] => 0
            [TOV_NAME] => Stretching
            [ACC] => 0
            [CNTTRAN] => 0
            [CNTTRANRESERV] => 0
        )

)

[2026-02-01 11:42:14] [INFO] (/home3/redbarbe/public_html/telegram/webapps/action/ajax_get_tren.php:61) Array
(
    [KOD] => 775044
    [TIME_FROM] => 10:00
    [TIME_TO] => 11:00               
    [CLIENTS_CNT] => 0
    [TOV_NAME] => Йога
    [ACC] => 0
    [CNTTRAN] => 0
    [CNTTRANRESERV] => 0
)

[2026-02-01 11:42:14] [INFO] (/home3/redbarbe/public_html/telegram/webapps/action/ajax_get_tren.php:61) Array
(
    [KOD] => 775665
    [TIME_FROM] => 18:00
    [TIME_TO] => 19:00               
    [CLIENTS_CNT] => 0
    [TOV_NAME] => Йога
    [ACC] => 0
    [CNTTRAN] => 0
    [CNTTRANRESERV] => 0
)

[2026-02-01 11:42:14] [INFO] (/home3/redbarbe/public_html/telegram/webapps/action/ajax_get_tren.php:61) Array
(
    [KOD] => 775872
    [TIME_FROM] => 18:00
    [TIME_TO] => 19:00               
    [CLIENTS_CNT] => 0
    [TOV_NAME] => Паркур Kids
    [ACC] => 0
    [CNTTRAN] => 0
    [CNTTRANRESERV] => 0
)

[2026-02-01 11:42:14] [INFO] (/home3/redbarbe/public_html/telegram/webapps/action/ajax_get_tren.php:61) Array
(
    [KOD] => 775251
    [TIME_FROM] => 19:00
    [TIME_TO] => 20:00               
    [CLIENTS_CNT] => 0
    [TOV_NAME] => Паркур
    [ACC] => 0
    [CNTTRAN] => 0
    [CNTTRANRESERV] => 0
)

[2026-02-01 11:42:14] [INFO] (/home3/redbarbe/public_html/telegram/webapps/action/ajax_get_tren.php:61) Array
(
    [KOD] => 776079
    [TIME_FROM] => 19:00
    [TIME_TO] => 20:00               
    [CLIENTS_CNT] => 0
    [TOV_NAME] => CrossActivity
    [ACC] => 0
    [CNTTRAN] => 0
    [CNTTRANRESERV] => 0
)

[2026-02-01 11:42:14] [INFO] (/home3/redbarbe/public_html/telegram/webapps/action/ajax_get_tren.php:61) Array
(
    [KOD] => 776286
    [TIME_FROM] => 19:00
    [TIME_TO] => 20:00               
    [CLIENTS_CNT] => 5
    [TOV_NAME] => Cycle
    [ACC] => 0
    [CNTTRAN] => 0
    [CNTTRANRESERV] => 0
)

[2026-02-01 11:42:14] [INFO] (/home3/redbarbe/public_html/telegram/webapps/action/ajax_get_tren.php:61) Array
(
    [KOD] => 775458
    [TIME_FROM] => 19:00
    [TIME_TO] => 20:00               
    [CLIENTS_CNT] => 0
    [TOV_NAME] => FitnessMix
    [ACC] => 0
    [CNTTRAN] => 0
    [CNTTRANRESERV] => 0
)

[2026-02-01 11:42:14] [INFO] (/home3/redbarbe/public_html/telegram/webapps/action/ajax_get_tren.php:61) Array
(
    [KOD] => 774837
    [TIME_FROM] => 20:00
    [TIME_TO] => 21:00               
    [CLIENTS_CNT] => 0
    [TOV_NAME] => Stretching
    [ACC] => 0
    [CNTTRAN] => 0
    [CNTTRANRESERV] => 0
)

[2026-02-01 11:42:23] [INFO] (/home3/redbarbe/public_html/telegram/webapps/action/ajax_fitness_zapis.php:22) Array
(
    [ajax_method] => 2
    [action] => ajax_fitness_zapis
    [dat] => 05.02.2026
    [acc] => 14964
    [trenid] => 776286
    [ost_all] => 5
    [ip_club] => 178.158.212.173
    [acctozapis] => 0
    [time_from] => 19:00
)

[2026-02-01 11:42:28] [INFO] (/home3/redbarbe/public_html/telegram/webapps/action/ajax_get_tren.php:35) Array
(
    [0] => Array
        (
            [KOD] => 799721
            [TIME_FROM] => 10:00
            [TIME_TO] => 11:00               
            [CLIENTS_CNT] => 0
            [TOV_NAME] => Йога
            [ACC] => 0
            [CNTTRAN] => 0
            [CNTTRANRESERV] => 0
        )

    [1] => Array
        (
            [KOD] => 799871
            [TIME_FROM] => 18:00
            [TIME_TO] => 19:00               
            [CLIENTS_CNT] => 0
            [TOV_NAME] => Йога
            [ACC] => 0
            [CNTTRAN] => 0
            [CNTTRANRESERV] => 0
        )

    [2] => Array
        (
            [KOD] => 799921
            [TIME_FROM] => 18:00
            [TIME_TO] => 19:00               
            [CLIENTS_CNT] => 0
            [TOV_NAME] => Паркур Kids
            [ACC] => 0
            [CNTTRAN] => 0
            [CNTTRANRESERV] => 0
        )

    [3] => Array
        (
            [KOD] => 799771
            [TIME_FROM] => 19:00
            [TIME_TO] => 20:00               
            [CLIENTS_CNT] => 0
            [TOV_NAME] => Паркур
            [ACC] => 0
            [CNTTRAN] => 0
            [CNTTRANRESERV] => 0
        )

    [4] => Array
        (
            [KOD] => 799971
            [TIME_FROM] => 19:00
            [TIME_TO] => 20:00               
            [CLIENTS_CNT] => 0
            [TOV_NAME] => CrossActivity
            [ACC] => 0
            [CNTTRAN] => 0
            [CNTTRANRESERV] => 0
        )

    [5] => Array
        (
            [KOD] => 800021
            [TIME_FROM] => 19:00
            [TIME_TO] => 20:00               
            [CLIENTS_CNT] => 5
            [TOV_NAME] => Cycle
            [ACC] => 14964
            [CNTTRAN] => 1
            [CNTTRANRESERV] => 0
        )

    [6] => Array
        (
            [KOD] => 799821
            [TIME_FROM] => 19:00
            [TIME_TO] => 20:00               
            [CLIENTS_CNT] => 0
            [TOV_NAME] => FitnessMix
            [ACC] => 0
            [CNTTRAN] => 0
            [CNTTRANRESERV] => 0
        )

)

[2026-02-01 11:42:28] [INFO] (/home3/redbarbe/public_html/telegram/webapps/action/ajax_get_tren.php:61) Array
(
    [KOD] => 799721
    [TIME_FROM] => 10:00
    [TIME_TO] => 11:00               
    [CLIENTS_CNT] => 0
    [TOV_NAME] => Йога
    [ACC] => 0
    [CNTTRAN] => 0
    [CNTTRANRESERV] => 0
)

[2026-02-01 11:42:28] [INFO] (/home3/redbarbe/public_html/telegram/webapps/action/ajax_get_tren.php:61) Array
(
    [KOD] => 799871
    [TIME_FROM] => 18:00
    [TIME_TO] => 19:00               
    [CLIENTS_CNT] => 0
    [TOV_NAME] => Йога
    [ACC] => 0
    [CNTTRAN] => 0
    [CNTTRANRESERV] => 0
)

[2026-02-01 11:42:28] [INFO] (/home3/redbarbe/public_html/telegram/webapps/action/ajax_get_tren.php:61) Array
(
    [KOD] => 799921
    [TIME_FROM] => 18:00
    [TIME_TO] => 19:00               
    [CLIENTS_CNT] => 0
    [TOV_NAME] => Паркур Kids
    [ACC] => 0
    [CNTTRAN] => 0
    [CNTTRANRESERV] => 0
)

[2026-02-01 11:42:28] [INFO] (/home3/redbarbe/public_html/telegram/webapps/action/ajax_get_tren.php:61) Array
(
    [KOD] => 799771
    [TIME_FROM] => 19:00
    [TIME_TO] => 20:00               
    [CLIENTS_CNT] => 0
    [TOV_NAME] => Паркур
    [ACC] => 0
    [CNTTRAN] => 0
    [CNTTRANRESERV] => 0
)

[2026-02-01 11:42:28] [INFO] (/home3/redbarbe/public_html/telegram/webapps/action/ajax_get_tren.php:61) Array
(
    [KOD] => 799971
    [TIME_FROM] => 19:00
    [TIME_TO] => 20:00               
    [CLIENTS_CNT] => 0
    [TOV_NAME] => CrossActivity
    [ACC] => 0
    [CNTTRAN] => 0
    [CNTTRANRESERV] => 0
)

[2026-02-01 11:42:28] [INFO] (/home3/redbarbe/public_html/telegram/webapps/action/ajax_get_tren.php:61) Array
(
    [KOD] => 800021
    [TIME_FROM] => 19:00
    [TIME_TO] => 20:00               
    [CLIENTS_CNT] => 5
    [TOV_NAME] => Cycle
    [ACC] => 14964
    [CNTTRAN] => 1
    [CNTTRANRESERV] => 0
)

[2026-02-01 11:42:28] [INFO] (/home3/redbarbe/public_html/telegram/webapps/action/ajax_get_tren.php:61) Array
(
    [KOD] => 799821
    [TIME_FROM] => 19:00
    [TIME_TO] => 20:00               
    [CLIENTS_CNT] => 0
    [TOV_NAME] => FitnessMix
    [ACC] => 0
    [CNTTRAN] => 0
    [CNTTRANRESERV] => 0
)

[2026-02-01 11:45:46] [INFO] (/home3/redbarbe/public_html/telegram/webapps/action/ajax_get_tren.php:35) Array
(
    [0] => Array
        (
            [KOD] => 798829
            [TIME_FROM] => 11:00
            [TIME_TO] => 12:00               
            [CLIENTS_CNT] => 5
            [TOV_NAME] => Cycle
            [ACC] => 0
            [CNTTRAN] => 5
            [CNTTRANRESERV] => 0
        )

    [1] => Array
        (
            [KOD] => 798831
            [TIME_FROM] => 12:00
            [TIME_TO] => 13:00               
            [CLIENTS_CNT] => 0
            [TOV_NAME] => Stretching
            [ACC] => 0
            [CNTTRAN] => 4
            [CNTTRANRESERV] => 0
        )

)

[2026-02-01 11:45:46] [INFO] (/home3/redbarbe/public_html/telegram/webapps/action/ajax_get_tren.php:61) Array
(
    [KOD] => 798829
    [TIME_FROM] => 11:00
    [TIME_TO] => 12:00               
    [CLIENTS_CNT] => 5
    [TOV_NAME] => Cycle
    [ACC] => 0
    [CNTTRAN] => 5
    [CNTTRANRESERV] => 0
)

[2026-02-01 11:45:46] [INFO] (/home3/redbarbe/public_html/telegram/webapps/action/ajax_get_tren.php:61) Array
(
    [KOD] => 798831
    [TIME_FROM] => 12:00
    [TIME_TO] => 13:00               
    [CLIENTS_CNT] => 0
    [TOV_NAME] => Stretching
    [ACC] => 0
    [CNTTRAN] => 4
    [CNTTRANRESERV] => 0
)

[2026-02-01 11:46:32] [INFO] (/home3/redbarbe/public_html/telegram/webapps/reports/report_pers_detal.php:22) Array
(
)

[2026-02-01 11:46:40] [INFO] (/home3/redbarbe/public_html/telegram/webapps/reports/report_pers_detal.php:22) Array
(
    [ajax_method] => 2
    [action] => report_pers_detal
    [action_report] => report_view
    [admin] => 5
    [date_from] => 01.02.2026
    [date_to] => 01.02.2026
    [ip_club] => 178.158.212.173
    [podr] => grp
    [sotr] => 0331
)

[2026-02-01 12:14:37] [INFO] (/home3/redbarbe/public_html/telegram/webapps/action/hist_ost_poslug.php:12) SELECT a.name FROM `spr_acc` a, spr_users u WHERE u.active_account=a.acc and u.chat_id=a.chat_id and a.acc=11204 
and u.club=(select id from spr_clubs where ip_club="193.194.107.2") limit 1
[2026-02-01 12:14:37] [INFO] (/home3/redbarbe/public_html/telegram/webapps/action/hist_ost_poslug.php:13) hist_ost_poslug
[2026-02-01 12:14:37] [INFO] (/home3/redbarbe/public_html/telegram/webapps/action/hist_ost_poslug.php:104) Array
(
    [acc] => 11204
    [command] => GET_OST_POSLUG_ACC
)

[2026-02-01 12:14:37] [INFO] (/home3/redbarbe/public_html/telegram/webapps/action/hist_ost_poslug.php:105) ip=193.194.107.2
[2026-02-01 15:08:06] [INFO] (/home3/redbarbe/public_html/telegram/webapps/action/ajax_get_tren.php:35) 
[2026-02-01 15:08:08] [INFO] (/home3/redbarbe/public_html/telegram/webapps/action/ajax_get_tren.php:35) Array
(
    [0] => Array
        (
            [KOD] => 865807
            [TIME_FROM] => 09:00
            [TIME_TO] => 10:00               
            [CLIENTS_CNT] => 0
            [TOV_NAME] => Fitmix
            [ACC] => 0
            [CNTTRAN] => 0
            [CNTTRANRESERV] => 0
        )

    [1] => Array
        (
            [KOD] => 866589
            [TIME_FROM] => 17:00
            [TIME_TO] => 18:00               
            [CLIENTS_CNT] => 0
            [TOV_NAME] => Бокс Kids
            [ACC] => 0
            [CNTTRAN] => 0
            [CNTTRANRESERV] => 0
        )

    [2] => Array
        (
            [KOD] => 864245
            [TIME_FROM] => 18:00
            [TIME_TO] => 19:00               
            [CLIENTS_CNT] => 5
            [TOV_NAME] => B.F.B
            [ACC] => 0
            [CNTTRAN] => 0
            [CNTTRANRESERV] => 0
        )

    [3] => Array
        (
            [KOD] => 865026
            [TIME_FROM] => 19:00
            [TIME_TO] => 20:00               
            [CLIENTS_CNT] => 0
            [TOV_NAME] => Mind Body
            [ACC] => 0
            [CNTTRAN] => 0
            [CNTTRANRESERV] => 0
        )

)

[2026-02-01 15:08:08] [INFO] (/home3/redbarbe/public_html/telegram/webapps/action/ajax_get_tren.php:61) Array
(
    [KOD] => 865807
    [TIME_FROM] => 09:00
    [TIME_TO] => 10:00               
    [CLIENTS_CNT] => 0
    [TOV_NAME] => Fitmix
    [ACC] => 0
    [CNTTRAN] => 0
    [CNTTRANRESERV] => 0
)

[2026-02-01 15:08:08] [INFO] (/home3/redbarbe/public_html/telegram/webapps/action/ajax_get_tren.php:61) Array
(
    [KOD] => 866589
    [TIME_FROM] => 17:00
    [TIME_TO] => 18:00               
    [CLIENTS_CNT] => 0
    [TOV_NAME] => Бокс Kids
    [ACC] => 0
    [CNTTRAN] => 0
    [CNTTRANRESERV] => 0
)

[2026-02-01 15:08:08] [INFO] (/home3/redbarbe/public_html/telegram/webapps/action/ajax_get_tren.php:61) Array
(
    [KOD] => 864245
    [TIME_FROM] => 18:00
    [TIME_TO] => 19:00               
    [CLIENTS_CNT] => 5
    [TOV_NAME] => B.F.B
    [ACC] => 0
    [CNTTRAN] => 0
    [CNTTRANRESERV] => 0
)

[2026-02-01 15:08:08] [INFO] (/home3/redbarbe/public_html/telegram/webapps/action/ajax_get_tren.php:61) Array
(
    [KOD] => 865026
    [TIME_FROM] => 19:00
    [TIME_TO] => 20:00               
    [CLIENTS_CNT] => 0
    [TOV_NAME] => Mind Body
    [ACC] => 0
    [CNTTRAN] => 0
    [CNTTRANRESERV] => 0
)

[2026-02-01 15:08:14] [INFO] (/home3/redbarbe/public_html/telegram/webapps/action/ajax_get_tren.php:35) Array
(
    [0] => Array
        (
            [KOD] => 865807
            [TIME_FROM] => 09:00
            [TIME_TO] => 10:00               
            [CLIENTS_CNT] => 0
            [TOV_NAME] => Fitmix
            [ACC] => 0
            [CNTTRAN] => 0
            [CNTTRANRESERV] => 0
        )

    [1] => Array
        (
            [KOD] => 866589
            [TIME_FROM] => 17:00
            [TIME_TO] => 18:00               
            [CLIENTS_CNT] => 0
            [TOV_NAME] => Бокс Kids
            [ACC] => 0
            [CNTTRAN] => 0
            [CNTTRANRESERV] => 0
        )

    [2] => Array
        (
            [KOD] => 864245
            [TIME_FROM] => 18:00
            [TIME_TO] => 19:00               
            [CLIENTS_CNT] => 5
            [TOV_NAME] => B.F.B
            [ACC] => 0
            [CNTTRAN] => 0
            [CNTTRANRESERV] => 0
        )

    [3] => Array
        (
            [KOD] => 865026
            [TIME_FROM] => 19:00
            [TIME_TO] => 20:00               
            [CLIENTS_CNT] => 0
            [TOV_NAME] => Mind Body
            [ACC] => 0
            [CNTTRAN] => 0
            [CNTTRANRESERV] => 0
        )

)

[2026-02-01 15:08:14] [INFO] (/home3/redbarbe/public_html/telegram/webapps/action/ajax_get_tren.php:61) Array
(
    [KOD] => 865807
    [TIME_FROM] => 09:00
    [TIME_TO] => 10:00               
    [CLIENTS_CNT] => 0
    [TOV_NAME] => Fitmix
    [ACC] => 0
    [CNTTRAN] => 0
    [CNTTRANRESERV] => 0
)

[2026-02-01 15:08:14] [INFO] (/home3/redbarbe/public_html/telegram/webapps/action/ajax_get_tren.php:61) Array
(
    [KOD] => 866589
    [TIME_FROM] => 17:00
    [TIME_TO] => 18:00               
    [CLIENTS_CNT] => 0
    [TOV_NAME] => Бокс Kids
    [ACC] => 0
    [CNTTRAN] => 0
    [CNTTRANRESERV] => 0
)

[2026-02-01 15:08:14] [INFO] (/home3/redbarbe/public_html/telegram/webapps/action/ajax_get_tren.php:61) Array
(
    [KOD] => 864245
    [TIME_FROM] => 18:00
    [TIME_TO] => 19:00               
    [CLIENTS_CNT] => 5
    [TOV_NAME] => B.F.B
    [ACC] => 0
    [CNTTRAN] => 0
    [CNTTRANRESERV] => 0
)

[2026-02-01 15:08:14] [INFO] (/home3/redbarbe/public_html/telegram/webapps/action/ajax_get_tren.php:61) Array
(
    [KOD] => 865026
    [TIME_FROM] => 19:00
    [TIME_TO] => 20:00               
    [CLIENTS_CNT] => 0
    [TOV_NAME] => Mind Body
    [ACC] => 0
    [CNTTRAN] => 0
    [CNTTRANRESERV] => 0
)

[2026-02-01 15:08:18] [INFO] (/home3/redbarbe/public_html/telegram/webapps/action/ajax_get_tren.php:35) Array
(
    [0] => Array
        (
            [KOD] => 857489
            [TIME_FROM] => 09:00
            [TIME_TO] => 10:00               
            [CLIENTS_CNT] => 0
            [TOV_NAME] => Пілатес
            [ACC] => 0
            [CNTTRAN] => 0
            [CNTTRANRESERV] => 0
        )

    [1] => Array
        (
            [KOD] => 857697
            [TIME_FROM] => 18:00
            [TIME_TO] => 19:00               
            [CLIENTS_CNT] => 0
            [TOV_NAME] => F.B.T. (Fat burn traning)
            [ACC] => 0
            [CNTTRAN] => 0
            [CNTTRANRESERV] => 0
        )

    [2] => Array
        (
            [KOD] => 857281
            [TIME_FROM] => 19:00
            [TIME_TO] => 20:00               
            [CLIENTS_CNT] => 0
            [TOV_NAME] => Stretching & Mobility
            [ACC] => 0
            [CNTTRAN] => 0
            [CNTTRANRESERV] => 0
        )

)

[2026-02-01 15:08:18] [INFO] (/home3/redbarbe/public_html/telegram/webapps/action/ajax_get_tren.php:61) Array
(
    [KOD] => 857489
    [TIME_FROM] => 09:00
    [TIME_TO] => 10:00               
    [CLIENTS_CNT] => 0
    [TOV_NAME] => Пілатес
    [ACC] => 0
    [CNTTRAN] => 0
    [CNTTRANRESERV] => 0
)

[2026-02-01 15:08:18] [INFO] (/home3/redbarbe/public_html/telegram/webapps/action/ajax_get_tren.php:61) Array
(
    [KOD] => 857697
    [TIME_FROM] => 18:00
    [TIME_TO] => 19:00               
    [CLIENTS_CNT] => 0
    [TOV_NAME] => F.B.T. (Fat burn traning)
    [ACC] => 0
    [CNTTRAN] => 0
    [CNTTRANRESERV] => 0
)

[2026-02-01 15:08:18] [INFO] (/home3/redbarbe/public_html/telegram/webapps/action/ajax_get_tren.php:61) Array
(
    [KOD] => 857281
    [TIME_FROM] => 19:00
    [TIME_TO] => 20:00               
    [CLIENTS_CNT] => 0
    [TOV_NAME] => Stretching & Mobility
    [ACC] => 0
    [CNTTRAN] => 0
    [CNTTRANRESERV] => 0
)

[2026-02-01 15:08:24] [INFO] (/home3/redbarbe/public_html/telegram/webapps/action/ajax_get_tren.php:35) Array
(
    [0] => Array
        (
            [KOD] => 868462
            [TIME_FROM] => 09:00
            [TIME_TO] => 10:00               
            [CLIENTS_CNT] => 0
            [TOV_NAME] => Fitmix
            [ACC] => 0
            [CNTTRAN] => 0
            [CNTTRANRESERV] => 0
        )

    [1] => Array
        (
            [KOD] => 866590
            [TIME_FROM] => 17:00
            [TIME_TO] => 18:00               
            [CLIENTS_CNT] => 0
            [TOV_NAME] => Бокс Kids
            [ACC] => 0
            [CNTTRAN] => 0
            [CNTTRANRESERV] => 0
        )

    [2] => Array
        (
            [KOD] => 867838
            [TIME_FROM] => 18:00
            [TIME_TO] => 19:00               
            [CLIENTS_CNT] => 5
            [TOV_NAME] => B.F.B
            [ACC] => 0
            [CNTTRAN] => 0
            [CNTTRANRESERV] => 0
        )

    [3] => Array
        (
            [KOD] => 867214
            [TIME_FROM] => 19:00
            [TIME_TO] => 20:00               
            [CLIENTS_CNT] => 0
            [TOV_NAME] => Mind Body
            [ACC] => 0
            [CNTTRAN] => 0
            [CNTTRANRESERV] => 0
        )

)

[2026-02-01 15:08:24] [INFO] (/home3/redbarbe/public_html/telegram/webapps/action/ajax_get_tren.php:61) Array
(
    [KOD] => 868462
    [TIME_FROM] => 09:00
    [TIME_TO] => 10:00               
    [CLIENTS_CNT] => 0
    [TOV_NAME] => Fitmix
    [ACC] => 0
    [CNTTRAN] => 0
    [CNTTRANRESERV] => 0
)

[2026-02-01 15:08:24] [INFO] (/home3/redbarbe/public_html/telegram/webapps/action/ajax_get_tren.php:61) Array
(
    [KOD] => 866590
    [TIME_FROM] => 17:00
    [TIME_TO] => 18:00               
    [CLIENTS_CNT] => 0
    [TOV_NAME] => Бокс Kids
    [ACC] => 0
    [CNTTRAN] => 0
    [CNTTRANRESERV] => 0
)

[2026-02-01 15:08:24] [INFO] (/home3/redbarbe/public_html/telegram/webapps/action/ajax_get_tren.php:61) Array
(
    [KOD] => 867838
    [TIME_FROM] => 18:00
    [TIME_TO] => 19:00               
    [CLIENTS_CNT] => 5
    [TOV_NAME] => B.F.B
    [ACC] => 0
    [CNTTRAN] => 0
    [CNTTRANRESERV] => 0
)

[2026-02-01 15:08:24] [INFO] (/home3/redbarbe/public_html/telegram/webapps/action/ajax_get_tren.php:61) Array
(
    [KOD] => 867214
    [TIME_FROM] => 19:00
    [TIME_TO] => 20:00               
    [CLIENTS_CNT] => 0
    [TOV_NAME] => Mind Body
    [ACC] => 0
    [CNTTRAN] => 0
    [CNTTRANRESERV] => 0
)

[2026-02-01 15:08:29] [INFO] (/home3/redbarbe/public_html/telegram/webapps/action/ajax_get_tren.php:35) Array
(
    [0] => Array
        (
            [KOD] => 854368
            [TIME_FROM] => 09:00
            [TIME_TO] => 10:00               
            [CLIENTS_CNT] => 0
            [TOV_NAME] => Пілатес
            [ACC] => 0
            [CNTTRAN] => 0
            [CNTTRANRESERV] => 0
        )

    [1] => Array
        (
            [KOD] => 854785
            [TIME_FROM] => 18:00
            [TIME_TO] => 19:00               
            [CLIENTS_CNT] => 0
            [TOV_NAME] => Booty Sculpt
            [ACC] => 0
            [CNTTRAN] => 0
            [CNTTRANRESERV] => 0
        )

    [2] => Array
        (
            [KOD] => 853951
            [TIME_FROM] => 19:00
            [TIME_TO] => 20:00               
            [CLIENTS_CNT] => 0
            [TOV_NAME] => Stretching & Mobility
            [ACC] => 0
            [CNTTRAN] => 0
            [CNTTRANRESERV] => 0
        )

)

[2026-02-01 15:08:29] [INFO] (/home3/redbarbe/public_html/telegram/webapps/action/ajax_get_tren.php:61) Array
(
    [KOD] => 854368
    [TIME_FROM] => 09:00
    [TIME_TO] => 10:00               
    [CLIENTS_CNT] => 0
    [TOV_NAME] => Пілатес
    [ACC] => 0
    [CNTTRAN] => 0
    [CNTTRANRESERV] => 0
)

[2026-02-01 15:08:29] [INFO] (/home3/redbarbe/public_html/telegram/webapps/action/ajax_get_tren.php:61) Array
(
    [KOD] => 854785
    [TIME_FROM] => 18:00
    [TIME_TO] => 19:00               
    [CLIENTS_CNT] => 0
    [TOV_NAME] => Booty Sculpt
    [ACC] => 0
    [CNTTRAN] => 0
    [CNTTRANRESERV] => 0
)

[2026-02-01 15:08:29] [INFO] (/home3/redbarbe/public_html/telegram/webapps/action/ajax_get_tren.php:61) Array
(
    [KOD] => 853951
    [TIME_FROM] => 19:00
    [TIME_TO] => 20:00               
    [CLIENTS_CNT] => 0
    [TOV_NAME] => Stretching & Mobility
    [ACC] => 0
    [CNTTRAN] => 0
    [CNTTRANRESERV] => 0
)

[2026-02-01 15:08:30] [INFO] (/home3/redbarbe/public_html/telegram/webapps/action/ajax_get_tren.php:35) Array
(
    [0] => Array
        (
            [KOD] => 868463
            [TIME_FROM] => 09:00
            [TIME_TO] => 10:00               
            [CLIENTS_CNT] => 0
            [TOV_NAME] => Fitmix
            [ACC] => 0
            [CNTTRAN] => 0
            [CNTTRANRESERV] => 0
        )

    [1] => Array
        (
            [KOD] => 866591
            [TIME_FROM] => 17:00
            [TIME_TO] => 18:00               
            [CLIENTS_CNT] => 0
            [TOV_NAME] => Бокс Kids
            [ACC] => 0
            [CNTTRAN] => 0
            [CNTTRANRESERV] => 0
        )

    [2] => Array
        (
            [KOD] => 867839
            [TIME_FROM] => 18:00
            [TIME_TO] => 19:00               
            [CLIENTS_CNT] => 5
            [TOV_NAME] => B.F.B
            [ACC] => 0
            [CNTTRAN] => 0
            [CNTTRANRESERV] => 0
        )

    [3] => Array
        (
            [KOD] => 867215
            [TIME_FROM] => 19:00
            [TIME_TO] => 20:00               
            [CLIENTS_CNT] => 0
            [TOV_NAME] => Mind Body
            [ACC] => 0
            [CNTTRAN] => 0
            [CNTTRANRESERV] => 0
        )

)

[2026-02-01 15:08:30] [INFO] (/home3/redbarbe/public_html/telegram/webapps/action/ajax_get_tren.php:61) Array
(
    [KOD] => 868463
    [TIME_FROM] => 09:00
    [TIME_TO] => 10:00               
    [CLIENTS_CNT] => 0
    [TOV_NAME] => Fitmix
    [ACC] => 0
    [CNTTRAN] => 0
    [CNTTRANRESERV] => 0
)

[2026-02-01 15:08:30] [INFO] (/home3/redbarbe/public_html/telegram/webapps/action/ajax_get_tren.php:61) Array
(
    [KOD] => 866591
    [TIME_FROM] => 17:00
    [TIME_TO] => 18:00               
    [CLIENTS_CNT] => 0
    [TOV_NAME] => Бокс Kids
    [ACC] => 0
    [CNTTRAN] => 0
    [CNTTRANRESERV] => 0
)

[2026-02-01 15:08:30] [INFO] (/home3/redbarbe/public_html/telegram/webapps/action/ajax_get_tren.php:61) Array
(
    [KOD] => 867839
    [TIME_FROM] => 18:00
    [TIME_TO] => 19:00               
    [CLIENTS_CNT] => 5
    [TOV_NAME] => B.F.B
    [ACC] => 0
    [CNTTRAN] => 0
    [CNTTRANRESERV] => 0
)

[2026-02-01 15:08:30] [INFO] (/home3/redbarbe/public_html/telegram/webapps/action/ajax_get_tren.php:61) Array
(
    [KOD] => 867215
    [TIME_FROM] => 19:00
    [TIME_TO] => 20:00               
    [CLIENTS_CNT] => 0
    [TOV_NAME] => Mind Body
    [ACC] => 0
    [CNTTRAN] => 0
    [CNTTRANRESERV] => 0
)

[2026-02-01 15:08:33] [INFO] (/home3/redbarbe/public_html/telegram/webapps/action/ajax_get_tren.php:35) Array
(
    [0] => Array
        (
            [KOD] => 856242
            [TIME_FROM] => 10:00
            [TIME_TO] => 11:00               
            [CLIENTS_CNT] => 0
            [TOV_NAME] => F.B.T. (Fat burn traning)
            [ACC] => 0
            [CNTTRAN] => 0
            [CNTTRANRESERV] => 0
        )

)

[2026-02-01 15:08:33] [INFO] (/home3/redbarbe/public_html/telegram/webapps/action/ajax_get_tren.php:61) Array
(
    [KOD] => 856242
    [TIME_FROM] => 10:00
    [TIME_TO] => 11:00               
    [CLIENTS_CNT] => 0
    [TOV_NAME] => F.B.T. (Fat burn traning)
    [ACC] => 0
    [CNTTRAN] => 0
    [CNTTRANRESERV] => 0
)

[2026-02-01 15:08:37] [INFO] (/home3/redbarbe/public_html/telegram/webapps/action/ajax_get_tren.php:35) Array
(
    [0] => Array
        (
            [KOD] => 854368
            [TIME_FROM] => 09:00
            [TIME_TO] => 10:00               
            [CLIENTS_CNT] => 0
            [TOV_NAME] => Пілатес
            [ACC] => 0
            [CNTTRAN] => 0
            [CNTTRANRESERV] => 0
        )

    [1] => Array
        (
            [KOD] => 854785
            [TIME_FROM] => 18:00
            [TIME_TO] => 19:00               
            [CLIENTS_CNT] => 0
            [TOV_NAME] => Booty Sculpt
            [ACC] => 0
            [CNTTRAN] => 0
            [CNTTRANRESERV] => 0
        )

    [2] => Array
        (
            [KOD] => 853951
            [TIME_FROM] => 19:00
            [TIME_TO] => 20:00               
            [CLIENTS_CNT] => 0
            [TOV_NAME] => Stretching & Mobility
            [ACC] => 0
            [CNTTRAN] => 0
            [CNTTRANRESERV] => 0
        )

)

[2026-02-01 15:08:37] [INFO] (/home3/redbarbe/public_html/telegram/webapps/action/ajax_get_tren.php:61) Array
(
    [KOD] => 854368
    [TIME_FROM] => 09:00
    [TIME_TO] => 10:00               
    [CLIENTS_CNT] => 0
    [TOV_NAME] => Пілатес
    [ACC] => 0
    [CNTTRAN] => 0
    [CNTTRANRESERV] => 0
)

[2026-02-01 15:08:37] [INFO] (/home3/redbarbe/public_html/telegram/webapps/action/ajax_get_tren.php:61) Array
(
    [KOD] => 854785
    [TIME_FROM] => 18:00
    [TIME_TO] => 19:00               
    [CLIENTS_CNT] => 0
    [TOV_NAME] => Booty Sculpt
    [ACC] => 0
    [CNTTRAN] => 0
    [CNTTRANRESERV] => 0
)

[2026-02-01 15:08:37] [INFO] (/home3/redbarbe/public_html/telegram/webapps/action/ajax_get_tren.php:61) Array
(
    [KOD] => 853951
    [TIME_FROM] => 19:00
    [TIME_TO] => 20:00               
    [CLIENTS_CNT] => 0
    [TOV_NAME] => Stretching & Mobility
    [ACC] => 0
    [CNTTRAN] => 0
    [CNTTRANRESERV] => 0
)

[2026-02-01 15:08:43] [INFO] (/home3/redbarbe/public_html/telegram/webapps/action/ajax_get_tren.php:35) Array
(
    [0] => Array
        (
            [KOD] => 868462
            [TIME_FROM] => 09:00
            [TIME_TO] => 10:00               
            [CLIENTS_CNT] => 0
            [TOV_NAME] => Fitmix
            [ACC] => 0
            [CNTTRAN] => 0
            [CNTTRANRESERV] => 0
        )

    [1] => Array
        (
            [KOD] => 866590
            [TIME_FROM] => 17:00
            [TIME_TO] => 18:00               
            [CLIENTS_CNT] => 0
            [TOV_NAME] => Бокс Kids
            [ACC] => 0
            [CNTTRAN] => 0
            [CNTTRANRESERV] => 0
        )

    [2] => Array
        (
            [KOD] => 867838
            [TIME_FROM] => 18:00
            [TIME_TO] => 19:00               
            [CLIENTS_CNT] => 5
            [TOV_NAME] => B.F.B
            [ACC] => 0
            [CNTTRAN] => 0
            [CNTTRANRESERV] => 0
        )

    [3] => Array
        (
            [KOD] => 867214
            [TIME_FROM] => 19:00
            [TIME_TO] => 20:00               
            [CLIENTS_CNT] => 0
            [TOV_NAME] => Mind Body
            [ACC] => 0
            [CNTTRAN] => 0
            [CNTTRANRESERV] => 0
        )

)

[2026-02-01 15:08:43] [INFO] (/home3/redbarbe/public_html/telegram/webapps/action/ajax_get_tren.php:61) Array
(
    [KOD] => 868462
    [TIME_FROM] => 09:00
    [TIME_TO] => 10:00               
    [CLIENTS_CNT] => 0
    [TOV_NAME] => Fitmix
    [ACC] => 0
    [CNTTRAN] => 0
    [CNTTRANRESERV] => 0
)

[2026-02-01 15:08:43] [INFO] (/home3/redbarbe/public_html/telegram/webapps/action/ajax_get_tren.php:61) Array
(
    [KOD] => 866590
    [TIME_FROM] => 17:00
    [TIME_TO] => 18:00               
    [CLIENTS_CNT] => 0
    [TOV_NAME] => Бокс Kids
    [ACC] => 0
    [CNTTRAN] => 0
    [CNTTRANRESERV] => 0
)

[2026-02-01 15:08:43] [INFO] (/home3/redbarbe/public_html/telegram/webapps/action/ajax_get_tren.php:61) Array
(
    [KOD] => 867838
    [TIME_FROM] => 18:00
    [TIME_TO] => 19:00               
    [CLIENTS_CNT] => 5
    [TOV_NAME] => B.F.B
    [ACC] => 0
    [CNTTRAN] => 0
    [CNTTRANRESERV] => 0
)

[2026-02-01 15:08:43] [INFO] (/home3/redbarbe/public_html/telegram/webapps/action/ajax_get_tren.php:61) Array
(
    [KOD] => 867214
    [TIME_FROM] => 19:00
    [TIME_TO] => 20:00               
    [CLIENTS_CNT] => 0
    [TOV_NAME] => Mind Body
    [ACC] => 0
    [CNTTRAN] => 0
    [CNTTRANRESERV] => 0
)

[2026-02-01 15:32:18] [INFO] (/home3/redbarbe/public_html/telegram/webapps/action/hist_ost_poslug.php:12) SELECT a.name FROM `spr_acc` a, spr_users u WHERE u.active_account=a.acc and u.chat_id=a.chat_id and a.acc=157 
and u.club=(select id from spr_clubs where ip_club="109.86.110.220") limit 1
[2026-02-01 15:32:18] [INFO] (/home3/redbarbe/public_html/telegram/webapps/action/hist_ost_poslug.php:13) hist_ost_poslug
[2026-02-01 15:32:18] [INFO] (/home3/redbarbe/public_html/telegram/webapps/action/hist_ost_poslug.php:104) Array
(
    [acc] => 157
    [command] => GET_OST_POSLUG_ACC
)

[2026-02-01 15:32:18] [INFO] (/home3/redbarbe/public_html/telegram/webapps/action/hist_ost_poslug.php:105) ip=109.86.110.220
[2026-02-01 15:33:23] [INFO] (/home3/redbarbe/public_html/telegram/webapps/action/my_zapis.php:104) 
[2026-02-01 15:39:34] [INFO] (/home3/redbarbe/public_html/telegram/webapps/reports/report_pers_detal.php:22) Array
(
)

[2026-02-01 15:39:40] [INFO] (/home3/redbarbe/public_html/telegram/webapps/reports/report_pers_detal.php:22) Array
(
    [ajax_method] => 2
    [action] => report_pers_detal
    [action_report] => report_view
    [admin] => 5
    [date_from] => 01.02.2026
    [date_to] => 01.02.2026
    [ip_club] => 193.194.107.2
    [podr] => all
    [sotr] => 0311
)

[2026-02-01 15:44:37] [INFO] (/home3/redbarbe/public_html/telegram/webapps/reports/report_pers_detal.php:22) Array
(
)

[2026-02-01 15:45:28] [INFO] (/home3/redbarbe/public_html/telegram/webapps/reports/report_pers_detal.php:22) Array
(
    [ajax_method] => 2
    [action] => report_pers_detal
    [action_report] => report_view
    [admin] => 5
    [date_from] => 01.02.2026
    [date_to] => 01.02.2026
    [ip_club] => 178.158.212.173
    [podr] => all
    [sotr] => 0112
)

[2026-02-01 15:47:30] [INFO] (/home3/redbarbe/public_html/telegram/webapps/action/chart.php:29) SELECT a.name FROM `spr_acc` a, spr_users u 
WHERE u.active_account=a.acc and u.chat_id=a.chat_id and a.chat_id="1314914574"
and u.club=3 limit 1
[2026-02-01 15:47:30] [INFO] (/home3/redbarbe/public_html/telegram/webapps/action/chart.php:30) Array
(
    [action] => chart
    [club] => 3
    [admin] => 1
    [who_user_write] => 5890364519
    [chatid] => 1314914574
)

[2026-02-01 15:53:38] [INFO] (/home3/redbarbe/public_html/telegram/webapps/reports/report_pers_detal.php:22) Array
(
)

[2026-02-01 15:53:42] [INFO] (/home3/redbarbe/public_html/telegram/webapps/reports/report_pers_detal.php:22) Array
(
    [ajax_method] => 2
    [action] => report_pers_detal
    [action_report] => report_view
    [admin] => 5
    [date_from] => 01.02.2026
    [date_to] => 01.02.2026
    [ip_club] => 178.151.119.180
    [podr] => all
    [sotr] => 0710
)

[2026-02-01 15:54:50] [INFO] (/home3/redbarbe/public_html/telegram/webapps/reports/report_pers_detal.php:22) Array
(
)

[2026-02-01 15:54:56] [INFO] (/home3/redbarbe/public_html/telegram/webapps/reports/report_pers_detal.php:22) Array
(
    [ajax_method] => 2
    [action] => report_pers_detal
    [action_report] => report_view
    [admin] => 5
    [date_from] => 01.02.2026
    [date_to] => 01.02.2026
    [ip_club] => 178.151.119.180
    [podr] => all
    [sotr] => 0710
)

[2026-02-01 15:55:15] [INFO] (/home3/redbarbe/public_html/telegram/webapps/reports/report_pers_detal.php:22) Array
(
)

[2026-02-01 15:55:34] [INFO] (/home3/redbarbe/public_html/telegram/webapps/reports/report_pers_detal.php:22) Array
(
    [ajax_method] => 2
    [action] => report_pers_detal
    [action_report] => report_view
    [admin] => 5
    [date_from] => 30.01.2026
    [date_to] => 30.01.2026
    [ip_club] => 178.151.119.180
    [podr] => all
    [sotr] => 0710
)

[2026-02-01 16:00:43] [INFO] (/home3/redbarbe/public_html/telegram/webapps/action/hist_ost_poslug.php:12) SELECT a.name FROM `spr_acc` a, spr_users u WHERE u.active_account=a.acc and u.chat_id=a.chat_id and a.acc=46 
and u.club=(select id from spr_clubs where ip_club="109.86.110.220") limit 1
[2026-02-01 16:00:43] [INFO] (/home3/redbarbe/public_html/telegram/webapps/action/hist_ost_poslug.php:13) hist_ost_poslug
[2026-02-01 16:00:43] [INFO] (/home3/redbarbe/public_html/telegram/webapps/action/hist_ost_poslug.php:104) Array
(
    [acc] => 46
    [command] => GET_OST_POSLUG_ACC
)

[2026-02-01 16:00:43] [INFO] (/home3/redbarbe/public_html/telegram/webapps/action/hist_ost_poslug.php:105) ip=109.86.110.220
[2026-02-01 16:02:43] [INFO] (/home3/redbarbe/public_html/telegram/webapps/action/hist_ind.php:16) SELECT a.name FROM `spr_acc` a, spr_users u WHERE u.active_account=a.acc and u.chat_id=a.chat_id and a.acc=13716 
and u.club=(select id from spr_clubs where ip_club="178.151.119.180") limit 1
[2026-02-01 16:02:43] [INFO] (/home3/redbarbe/public_html/telegram/webapps/action/hist_ind.php:17) hist_grp
[2026-02-01 16:02:43] [INFO] (/home3/redbarbe/public_html/telegram/webapps/action/hist_ind.php:108) Array
(
    [dbeg] => 01.11.2025
    [dend] => today
    [acc] => 13716
    [command] => get_ind_history
)

[2026-02-01 16:02:43] [INFO] (/home3/redbarbe/public_html/telegram/webapps/action/hist_ind.php:109) ip=178.151.119.180
[2026-02-01 16:02:46] [INFO] (/home3/redbarbe/public_html/telegram/webapps/action/hist_ost_poslug.php:12) SELECT a.name FROM `spr_acc` a, spr_users u WHERE u.active_account=a.acc and u.chat_id=a.chat_id and a.acc=13716 
and u.club=(select id from spr_clubs where ip_club="178.151.119.180") limit 1
[2026-02-01 16:02:46] [INFO] (/home3/redbarbe/public_html/telegram/webapps/action/hist_ost_poslug.php:13) hist_ost_poslug
[2026-02-01 16:02:46] [INFO] (/home3/redbarbe/public_html/telegram/webapps/action/hist_ost_poslug.php:104) Array
(
    [acc] => 13716
    [command] => GET_OST_POSLUG_ACC
)

[2026-02-01 16:02:46] [INFO] (/home3/redbarbe/public_html/telegram/webapps/action/hist_ost_poslug.php:105) ip=178.151.119.180
[2026-02-01 16:12:40] [INFO] (/home3/redbarbe/public_html/telegram/webapps/action/hist_ind.php:16) SELECT a.name FROM `spr_acc` a, spr_users u WHERE u.active_account=a.acc and u.chat_id=a.chat_id and a.acc=43 
and u.club=(select id from spr_clubs where ip_club="109.86.110.220") limit 1
[2026-02-01 16:12:40] [INFO] (/home3/redbarbe/public_html/telegram/webapps/action/hist_ind.php:17) hist_grp
[2026-02-01 16:12:40] [INFO] (/home3/redbarbe/public_html/telegram/webapps/action/hist_ind.php:108) Array
(
    [dbeg] => 01.11.2025
    [dend] => today
    [acc] => 43
    [command] => get_ind_history
)

[2026-02-01 16:12:40] [INFO] (/home3/redbarbe/public_html/telegram/webapps/action/hist_ind.php:109) ip=109.86.110.220
[2026-02-01 16:12:43] [INFO] (/home3/redbarbe/public_html/telegram/webapps/action/hist_grp.php:16) SELECT a.name FROM `spr_acc` a, spr_users u WHERE u.active_account=a.acc and u.chat_id=a.chat_id and a.acc=43 
and u.club=(select id from spr_clubs where ip_club="109.86.110.220") limit 1
[2026-02-01 16:12:43] [INFO] (/home3/redbarbe/public_html/telegram/webapps/action/hist_grp.php:17) hist_grp
[2026-02-01 16:12:43] [INFO] (/home3/redbarbe/public_html/telegram/webapps/action/hist_grp.php:108) Array
(
    [dbeg] => 01.11.2025
    [dend] => today
    [acc] => 43
    [command] => get_grp_history
)

[2026-02-01 16:12:43] [INFO] (/home3/redbarbe/public_html/telegram/webapps/action/hist_grp.php:109) ip=109.86.110.220
[2026-02-01 16:12:48] [INFO] (/home3/redbarbe/public_html/telegram/webapps/action/hist_ost_poslug.php:12) SELECT a.name FROM `spr_acc` a, spr_users u WHERE u.active_account=a.acc and u.chat_id=a.chat_id and a.acc=43 
and u.club=(select id from spr_clubs where ip_club="109.86.110.220") limit 1
[2026-02-01 16:12:48] [INFO] (/home3/redbarbe/public_html/telegram/webapps/action/hist_ost_poslug.php:13) hist_ost_poslug
[2026-02-01 16:12:48] [INFO] (/home3/redbarbe/public_html/telegram/webapps/action/hist_ost_poslug.php:104) Array
(
    [acc] => 43
    [command] => GET_OST_POSLUG_ACC
)

[2026-02-01 16:12:48] [INFO] (/home3/redbarbe/public_html/telegram/webapps/action/hist_ost_poslug.php:105) ip=109.86.110.220
[2026-02-01 16:15:34] [INFO] (/home3/redbarbe/public_html/telegram/webapps/action/hist_ost_poslug.php:12) SELECT a.name FROM `spr_acc` a, spr_users u WHERE u.active_account=a.acc and u.chat_id=a.chat_id and a.acc=13572 
and u.club=(select id from spr_clubs where ip_club="212.26.139.90") limit 1
[2026-02-01 16:15:34] [INFO] (/home3/redbarbe/public_html/telegram/webapps/action/hist_ost_poslug.php:13) hist_ost_poslug
[2026-02-01 16:15:34] [INFO] (/home3/redbarbe/public_html/telegram/webapps/action/hist_ost_poslug.php:104) Array
(
    [acc] => 13572
    [command] => GET_OST_POSLUG_ACC
)

[2026-02-01 16:15:34] [INFO] (/home3/redbarbe/public_html/telegram/webapps/action/hist_ost_poslug.php:105) ip=212.26.139.90
[2026-02-01 16:22:47] [INFO] (/home3/redbarbe/public_html/telegram/webapps/action/chart.php:29) SELECT a.name FROM `spr_acc` a, spr_users u 
WHERE u.active_account=a.acc and u.chat_id=a.chat_id and a.chat_id="543770963"
and u.club=2 limit 1
[2026-02-01 16:22:47] [INFO] (/home3/redbarbe/public_html/telegram/webapps/action/chart.php:30) Array
(
    [action] => chart
    [club] => 2
    [acc] => 13513
    [chatadmin] => 1847184190
    [who_user_write] => 543770963
    [chatid] => 543770963
    [ip_club] => 178.151.119.180
)

[2026-02-01 16:25:25] [INFO] (/home3/redbarbe/public_html/telegram/webapps/action/chart.php:29) SELECT a.name FROM `spr_acc` a, spr_users u 
WHERE u.active_account=a.acc and u.chat_id=a.chat_id and a.chat_id="543770963"
and u.club=2 limit 1
[2026-02-01 16:25:25] [INFO] (/home3/redbarbe/public_html/telegram/webapps/action/chart.php:30) Array
(
    [action] => chart
    [club] => 2
    [admin] => 1
    [who_user_write] => 1847184190
    [chatid] => 543770963
)

[2026-02-01 16:25:46] [INFO] (/home3/redbarbe/public_html/telegram/webapps/action/chart.php:29) SELECT a.name FROM `spr_acc` a, spr_users u 
WHERE u.active_account=a.acc and u.chat_id=a.chat_id and a.chat_id="543770963"
and u.club=2 limit 1
[2026-02-01 16:25:46] [INFO] (/home3/redbarbe/public_html/telegram/webapps/action/chart.php:30) Array
(
    [action] => chart
    [club] => 2
    [admin] => 1
    [who_user_write] => 1847184190
    [chatid] => 543770963
)

[2026-02-01 16:29:18] [INFO] (/home3/redbarbe/public_html/telegram/webapps/action/hist_ind.php:16) SELECT a.name FROM `spr_acc` a, spr_users u WHERE u.active_account=a.acc and u.chat_id=a.chat_id and a.acc=10155 
and u.club=(select id from spr_clubs where ip_club="178.158.212.173") limit 1
[2026-02-01 16:29:18] [INFO] (/home3/redbarbe/public_html/telegram/webapps/action/hist_ind.php:17) hist_grp
[2026-02-01 16:29:18] [INFO] (/home3/redbarbe/public_html/telegram/webapps/action/hist_ind.php:108) Array
(
    [dbeg] => 01.11.2025
    [dend] => today
    [acc] => 10155
    [command] => get_ind_history
)

[2026-02-01 16:29:18] [INFO] (/home3/redbarbe/public_html/telegram/webapps/action/hist_ind.php:109) ip=178.158.212.173
[2026-02-01 16:29:22] [INFO] (/home3/redbarbe/public_html/telegram/webapps/action/hist_grp.php:16) SELECT a.name FROM `spr_acc` a, spr_users u WHERE u.active_account=a.acc and u.chat_id=a.chat_id and a.acc=10155 
and u.club=(select id from spr_clubs where ip_club="178.158.212.173") limit 1
[2026-02-01 16:29:22] [INFO] (/home3/redbarbe/public_html/telegram/webapps/action/hist_grp.php:17) hist_grp
[2026-02-01 16:29:22] [INFO] (/home3/redbarbe/public_html/telegram/webapps/action/hist_grp.php:108) Array
(
    [dbeg] => 01.11.2025
    [dend] => today
    [acc] => 10155
    [command] => get_grp_history
)

[2026-02-01 16:29:22] [INFO] (/home3/redbarbe/public_html/telegram/webapps/action/hist_grp.php:109) ip=178.158.212.173
[2026-02-01 16:29:30] [INFO] (/home3/redbarbe/public_html/telegram/webapps/action/hist_grp.php:16) SELECT a.name FROM `spr_acc` a, spr_users u WHERE u.active_account=a.acc and u.chat_id=a.chat_id and a.acc=10155 
and u.club=(select id from spr_clubs where ip_club="178.158.212.173") limit 1
[2026-02-01 16:29:30] [INFO] (/home3/redbarbe/public_html/telegram/webapps/action/hist_grp.php:17) hist_grp
[2026-02-01 16:29:30] [INFO] (/home3/redbarbe/public_html/telegram/webapps/action/hist_grp.php:108) Array
(
    [dbeg] => 01.11.2025
    [dend] => today
    [acc] => 10155
    [command] => get_grp_history
)

[2026-02-01 16:29:30] [INFO] (/home3/redbarbe/public_html/telegram/webapps/action/hist_grp.php:109) ip=178.158.212.173
[2026-02-01 16:29:45] [INFO] (/home3/redbarbe/public_html/telegram/webapps/action/hist_ind.php:16) SELECT a.name FROM `spr_acc` a, spr_users u WHERE u.active_account=a.acc and u.chat_id=a.chat_id and a.acc=10155 
and u.club=(select id from spr_clubs where ip_club="178.158.212.173") limit 1
[2026-02-01 16:29:45] [INFO] (/home3/redbarbe/public_html/telegram/webapps/action/hist_ind.php:17) hist_grp
[2026-02-01 16:29:45] [INFO] (/home3/redbarbe/public_html/telegram/webapps/action/hist_ind.php:108) Array
(
    [dbeg] => 01.11.2025
    [dend] => today
    [acc] => 10155
    [command] => get_ind_history
)

[2026-02-01 16:29:45] [INFO] (/home3/redbarbe/public_html/telegram/webapps/action/hist_ind.php:109) ip=178.158.212.173
[2026-02-01 16:29:48] [INFO] (/home3/redbarbe/public_html/telegram/webapps/action/hist_ost_poslug.php:12) SELECT a.name FROM `spr_acc` a, spr_users u WHERE u.active_account=a.acc and u.chat_id=a.chat_id and a.acc=10155 
and u.club=(select id from spr_clubs where ip_club="178.158.212.173") limit 1
[2026-02-01 16:29:48] [INFO] (/home3/redbarbe/public_html/telegram/webapps/action/hist_ost_poslug.php:13) hist_ost_poslug
[2026-02-01 16:29:48] [INFO] (/home3/redbarbe/public_html/telegram/webapps/action/hist_ost_poslug.php:104) Array
(
    [acc] => 10155
    [command] => GET_OST_POSLUG_ACC
)

[2026-02-01 16:29:48] [INFO] (/home3/redbarbe/public_html/telegram/webapps/action/hist_ost_poslug.php:105) ip=178.158.212.173
[2026-02-01 16:30:36] [INFO] (/home3/redbarbe/public_html/telegram/webapps/action/chart.php:29) SELECT a.name FROM `spr_acc` a, spr_users u 
WHERE u.active_account=a.acc and u.chat_id=a.chat_id and a.chat_id="543770963"
and u.club=2 limit 1
[2026-02-01 16:30:36] [INFO] (/home3/redbarbe/public_html/telegram/webapps/action/chart.php:30) Array
(
    [action] => chart
    [club] => 2
    [admin] => 1
    [who_user_write] => 1847184190
    [chatid] => 543770963
)

[2026-02-01 16:37:51] [INFO] (/home3/redbarbe/public_html/telegram/webapps/action/chart.php:29) SELECT a.name FROM `spr_acc` a, spr_users u 
WHERE u.active_account=a.acc and u.chat_id=a.chat_id and a.chat_id="543770963"
and u.club=2 limit 1
[2026-02-01 16:37:51] [INFO] (/home3/redbarbe/public_html/telegram/webapps/action/chart.php:30) Array
(
    [action] => chart
    [club] => 2
    [admin] => 1
    [who_user_write] => 1847184190
    [chatid] => 543770963
)

[2026-02-01 16:40:50] [INFO] (/home3/redbarbe/public_html/telegram/webapps/action/chart.php:29) SELECT a.name FROM `spr_acc` a, spr_users u 
WHERE u.active_account=a.acc and u.chat_id=a.chat_id and a.chat_id="543770963"
and u.club=2 limit 1
[2026-02-01 16:40:50] [INFO] (/home3/redbarbe/public_html/telegram/webapps/action/chart.php:30) Array
(
    [action] => chart
    [club] => 2
    [admin] => 1
    [who_user_write] => 1847184190
    [chatid] => 543770963
)

[2026-02-01 16:53:23] [INFO] (/home3/redbarbe/public_html/telegram/webapps/action/chart.php:29) SELECT a.name FROM `spr_acc` a, spr_users u 
WHERE u.active_account=a.acc and u.chat_id=a.chat_id and a.chat_id="543770963"
and u.club=2 limit 1
[2026-02-01 16:53:23] [INFO] (/home3/redbarbe/public_html/telegram/webapps/action/chart.php:30) Array
(
    [action] => chart
    [club] => 2
    [admin] => 1
    [who_user_write] => 1847184190
    [chatid] => 543770963
)

[2026-02-01 16:59:17] [INFO] (/home3/redbarbe/public_html/telegram/webapps/action/chart.php:29) SELECT a.name FROM `spr_acc` a, spr_users u 
WHERE u.active_account=a.acc and u.chat_id=a.chat_id and a.chat_id="543770963"
and u.club=2 limit 1
[2026-02-01 16:59:17] [INFO] (/home3/redbarbe/public_html/telegram/webapps/action/chart.php:30) Array
(
    [action] => chart
    [club] => 2
    [who_user_write] => 543770963
    [chatid] => 543770963
)

[2026-02-01 17:19:44] [INFO] (/home3/redbarbe/public_html/telegram/webapps/action/chart.php:29) SELECT a.name FROM `spr_acc` a, spr_users u 
WHERE u.active_account=a.acc and u.chat_id=a.chat_id and a.chat_id="1276650577"
and u.club=4 limit 1
[2026-02-01 17:19:44] [INFO] (/home3/redbarbe/public_html/telegram/webapps/action/chart.php:30) Array
(
    [action] => chart
    [club] => 4
    [acc] => 12993
    [chatadmin] => 7382441954
    [who_user_write] => 1276650577
    [chatid] => 1276650577
    [ip_club] => 212.26.139.90
)

[2026-02-01 17:21:28] [INFO] (/home3/redbarbe/public_html/telegram/webapps/action/chart.php:29) SELECT a.name FROM `spr_acc` a, spr_users u 
WHERE u.active_account=a.acc and u.chat_id=a.chat_id and a.chat_id="1276650577"
and u.club=4 limit 1
[2026-02-01 17:21:28] [INFO] (/home3/redbarbe/public_html/telegram/webapps/action/chart.php:30) Array
(
    [action] => chart
    [club] => 4
    [admin] => 1
    [who_user_write] => 7382441954
    [chatid] => 1276650577
)

[2026-02-01 17:23:22] [INFO] (/home3/redbarbe/public_html/telegram/webapps/action/chart.php:29) SELECT a.name FROM `spr_acc` a, spr_users u 
WHERE u.active_account=a.acc and u.chat_id=a.chat_id and a.chat_id="1276650577"
and u.club=4 limit 1
[2026-02-01 17:23:22] [INFO] (/home3/redbarbe/public_html/telegram/webapps/action/chart.php:30) Array
(
    [action] => chart
    [club] => 4
    [who_user_write] => 1276650577
    [chatid] => 1276650577
)

[2026-02-01 17:24:09] [INFO] (/home3/redbarbe/public_html/telegram/webapps/action/chart.php:29) SELECT a.name FROM `spr_acc` a, spr_users u 
WHERE u.active_account=a.acc and u.chat_id=a.chat_id and a.chat_id="1276650577"
and u.club=4 limit 1
[2026-02-01 17:24:09] [INFO] (/home3/redbarbe/public_html/telegram/webapps/action/chart.php:30) Array
(
    [action] => chart
    [club] => 4
    [admin] => 1
    [who_user_write] => 7382441954
    [chatid] => 1276650577
)

[2026-02-01 17:26:19] [INFO] (/home3/redbarbe/public_html/telegram/webapps/action/chart.php:29) SELECT a.name FROM `spr_acc` a, spr_users u 
WHERE u.active_account=a.acc and u.chat_id=a.chat_id and a.chat_id="1276650577"
and u.club=4 limit 1
[2026-02-01 17:26:19] [INFO] (/home3/redbarbe/public_html/telegram/webapps/action/chart.php:30) Array
(
    [action] => chart
    [club] => 4
    [admin] => 1
    [who_user_write] => 7382441954
    [chatid] => 1276650577
)

[2026-02-01 17:29:20] [INFO] (/home3/redbarbe/public_html/telegram/webapps/action/hist_ind.php:16) SELECT a.name FROM `spr_acc` a, spr_users u WHERE u.active_account=a.acc and u.chat_id=a.chat_id and a.acc=13290 
and u.club=(select id from spr_clubs where ip_club="178.151.119.180") limit 1
[2026-02-01 17:29:20] [INFO] (/home3/redbarbe/public_html/telegram/webapps/action/hist_ind.php:17) hist_grp
[2026-02-01 17:29:20] [INFO] (/home3/redbarbe/public_html/telegram/webapps/action/hist_ind.php:108) Array
(
    [dbeg] => 01.11.2025
    [dend] => today
    [acc] => 13290
    [command] => get_ind_history
)

[2026-02-01 17:29:20] [INFO] (/home3/redbarbe/public_html/telegram/webapps/action/hist_ind.php:109) ip=178.151.119.180
[2026-02-01 17:33:24] [INFO] (/home3/redbarbe/public_html/telegram/webapps/action/chart.php:29) SELECT a.name FROM `spr_acc` a, spr_users u 
WHERE u.active_account=a.acc and u.chat_id=a.chat_id and a.chat_id="1276650577"
and u.club=4 limit 1
[2026-02-01 17:33:24] [INFO] (/home3/redbarbe/public_html/telegram/webapps/action/chart.php:30) Array
(
    [action] => chart
    [club] => 4
    [admin] => 1
    [who_user_write] => 7382441954
    [chatid] => 1276650577
)

[2026-02-01 17:33:37] [INFO] (/home3/redbarbe/public_html/telegram/webapps/action/chart.php:29) SELECT a.name FROM `spr_acc` a, spr_users u 
WHERE u.active_account=a.acc and u.chat_id=a.chat_id and a.chat_id="1276650577"
and u.club=4 limit 1
[2026-02-01 17:33:37] [INFO] (/home3/redbarbe/public_html/telegram/webapps/action/chart.php:30) Array
(
    [action] => chart
    [club] => 4
    [admin] => 1
    [who_user_write] => 7382441954
    [chatid] => 1276650577
)

[2026-02-01 17:50:15] [INFO] (/home3/redbarbe/public_html/telegram/webapps/action/hist_ind.php:16) SELECT a.name FROM `spr_acc` a, spr_users u WHERE u.active_account=a.acc and u.chat_id=a.chat_id and a.acc=13085 
and u.club=(select id from spr_clubs where ip_club="193.194.107.2") limit 1
[2026-02-01 17:50:15] [INFO] (/home3/redbarbe/public_html/telegram/webapps/action/hist_ind.php:17) hist_grp
[2026-02-01 17:50:15] [INFO] (/home3/redbarbe/public_html/telegram/webapps/action/hist_ind.php:108) Array
(
    [dbeg] => 01.11.2025
    [dend] => today
    [acc] => 13085
    [command] => get_ind_history
)

[2026-02-01 17:50:15] [INFO] (/home3/redbarbe/public_html/telegram/webapps/action/hist_ind.php:109) ip=193.194.107.2
[2026-02-01 17:50:30] [INFO] (/home3/redbarbe/public_html/telegram/webapps/action/hist_ind.php:16) SELECT a.name FROM `spr_acc` a, spr_users u WHERE u.active_account=a.acc and u.chat_id=a.chat_id and a.acc=13085 
and u.club=(select id from spr_clubs where ip_club="193.194.107.2") limit 1
[2026-02-01 17:50:30] [INFO] (/home3/redbarbe/public_html/telegram/webapps/action/hist_ind.php:17) hist_grp
[2026-02-01 17:50:30] [INFO] (/home3/redbarbe/public_html/telegram/webapps/action/hist_ind.php:108) Array
(
    [dbeg] => 01.11.2025
    [dend] => today
    [acc] => 13085
    [command] => get_ind_history
)

[2026-02-01 17:50:30] [INFO] (/home3/redbarbe/public_html/telegram/webapps/action/hist_ind.php:109) ip=193.194.107.2
[2026-02-01 18:05:51] [INFO] (/home3/redbarbe/public_html/telegram/webapps/action/hist_ind.php:16) SELECT a.name FROM `spr_acc` a, spr_users u WHERE u.active_account=a.acc and u.chat_id=a.chat_id and a.acc=13086 
and u.club=(select id from spr_clubs where ip_club="193.194.107.2") limit 1
[2026-02-01 18:05:51] [INFO] (/home3/redbarbe/public_html/telegram/webapps/action/hist_ind.php:17) hist_grp
[2026-02-01 18:05:51] [INFO] (/home3/redbarbe/public_html/telegram/webapps/action/hist_ind.php:108) Array
(
    [dbeg] => 01.11.2025
    [dend] => today
    [acc] => 13086
    [command] => get_ind_history
)

[2026-02-01 18:05:51] [INFO] (/home3/redbarbe/public_html/telegram/webapps/action/hist_ind.php:109) ip=193.194.107.2
[2026-02-01 18:06:02] [INFO] (/home3/redbarbe/public_html/telegram/webapps/action/hist_grp.php:16) SELECT a.name FROM `spr_acc` a, spr_users u WHERE u.active_account=a.acc and u.chat_id=a.chat_id and a.acc=13086 
and u.club=(select id from spr_clubs where ip_club="193.194.107.2") limit 1
[2026-02-01 18:06:02] [INFO] (/home3/redbarbe/public_html/telegram/webapps/action/hist_grp.php:17) hist_grp
[2026-02-01 18:06:02] [INFO] (/home3/redbarbe/public_html/telegram/webapps/action/hist_grp.php:108) Array
(
    [dbeg] => 01.11.2025
    [dend] => today
    [acc] => 13086
    [command] => get_grp_history
)

[2026-02-01 18:06:02] [INFO] (/home3/redbarbe/public_html/telegram/webapps/action/hist_grp.php:109) ip=193.194.107.2
[2026-02-01 18:06:04] [INFO] (/home3/redbarbe/public_html/telegram/webapps/action/hist_ost_poslug.php:12) SELECT a.name FROM `spr_acc` a, spr_users u WHERE u.active_account=a.acc and u.chat_id=a.chat_id and a.acc=13086 
and u.club=(select id from spr_clubs where ip_club="193.194.107.2") limit 1
[2026-02-01 18:06:04] [INFO] (/home3/redbarbe/public_html/telegram/webapps/action/hist_ost_poslug.php:13) hist_ost_poslug
[2026-02-01 18:06:04] [INFO] (/home3/redbarbe/public_html/telegram/webapps/action/hist_ost_poslug.php:104) Array
(
    [acc] => 13086
    [command] => GET_OST_POSLUG_ACC
)

[2026-02-01 18:06:04] [INFO] (/home3/redbarbe/public_html/telegram/webapps/action/hist_ost_poslug.php:105) ip=193.194.107.2
[2026-02-01 18:06:33] [INFO] (/home3/redbarbe/public_html/telegram/webapps/action/hist_ind.php:16) SELECT a.name FROM `spr_acc` a, spr_users u WHERE u.active_account=a.acc and u.chat_id=a.chat_id and a.acc=13085 
and u.club=(select id from spr_clubs where ip_club="193.194.107.2") limit 1
[2026-02-01 18:06:33] [INFO] (/home3/redbarbe/public_html/telegram/webapps/action/hist_ind.php:17) hist_grp
[2026-02-01 18:06:33] [INFO] (/home3/redbarbe/public_html/telegram/webapps/action/hist_ind.php:108) Array
(
    [dbeg] => 01.11.2025
    [dend] => today
    [acc] => 13085
    [command] => get_ind_history
)

[2026-02-01 18:06:33] [INFO] (/home3/redbarbe/public_html/telegram/webapps/action/hist_ind.php:109) ip=193.194.107.2
[2026-02-01 18:06:40] [INFO] (/home3/redbarbe/public_html/telegram/webapps/action/hist_ind.php:16) SELECT a.name FROM `spr_acc` a, spr_users u WHERE u.active_account=a.acc and u.chat_id=a.chat_id and a.acc=13086 
and u.club=(select id from spr_clubs where ip_club="193.194.107.2") limit 1
[2026-02-01 18:06:40] [INFO] (/home3/redbarbe/public_html/telegram/webapps/action/hist_ind.php:17) hist_grp
[2026-02-01 18:06:40] [INFO] (/home3/redbarbe/public_html/telegram/webapps/action/hist_ind.php:108) Array
(
    [dbeg] => 01.11.2025
    [dend] => today
    [acc] => 13086
    [command] => get_ind_history
)

[2026-02-01 18:06:40] [INFO] (/home3/redbarbe/public_html/telegram/webapps/action/hist_ind.php:109) ip=193.194.107.2
[2026-02-01 18:06:41] [INFO] (/home3/redbarbe/public_html/telegram/webapps/action/hist_ost_poslug.php:12) SELECT a.name FROM `spr_acc` a, spr_users u WHERE u.active_account=a.acc and u.chat_id=a.chat_id and a.acc=13085 
and u.club=(select id from spr_clubs where ip_club="193.194.107.2") limit 1
[2026-02-01 18:06:41] [INFO] (/home3/redbarbe/public_html/telegram/webapps/action/hist_ost_poslug.php:13) hist_ost_poslug
[2026-02-01 18:06:41] [INFO] (/home3/redbarbe/public_html/telegram/webapps/action/hist_ost_poslug.php:104) Array
(
    [acc] => 13085
    [command] => GET_OST_POSLUG_ACC
)

[2026-02-01 18:06:41] [INFO] (/home3/redbarbe/public_html/telegram/webapps/action/hist_ost_poslug.php:105) ip=193.194.107.2
[2026-02-01 19:04:54] [INFO] (/home3/redbarbe/public_html/telegram/webapps/action/hist_ind.php:16) SELECT a.name FROM `spr_acc` a, spr_users u WHERE u.active_account=a.acc and u.chat_id=a.chat_id and a.acc=158 
and u.club=(select id from spr_clubs where ip_club="109.86.110.220") limit 1
[2026-02-01 19:04:54] [INFO] (/home3/redbarbe/public_html/telegram/webapps/action/hist_ind.php:17) hist_grp
[2026-02-01 19:04:54] [INFO] (/home3/redbarbe/public_html/telegram/webapps/action/hist_ind.php:108) Array
(
    [dbeg] => 01.11.2025
    [dend] => today
    [acc] => 158
    [command] => get_ind_history
)

[2026-02-01 19:04:54] [INFO] (/home3/redbarbe/public_html/telegram/webapps/action/hist_ind.php:109) ip=109.86.110.220
[2026-02-01 19:04:57] [INFO] (/home3/redbarbe/public_html/telegram/webapps/action/hist_grp.php:16) SELECT a.name FROM `spr_acc` a, spr_users u WHERE u.active_account=a.acc and u.chat_id=a.chat_id and a.acc=158 
and u.club=(select id from spr_clubs where ip_club="109.86.110.220") limit 1
[2026-02-01 19:04:57] [INFO] (/home3/redbarbe/public_html/telegram/webapps/action/hist_grp.php:17) hist_grp
[2026-02-01 19:04:57] [INFO] (/home3/redbarbe/public_html/telegram/webapps/action/hist_grp.php:108) Array
(
    [dbeg] => 01.11.2025
    [dend] => today
    [acc] => 158
    [command] => get_grp_history
)

[2026-02-01 19:04:57] [INFO] (/home3/redbarbe/public_html/telegram/webapps/action/hist_grp.php:109) ip=109.86.110.220
[2026-02-01 19:05:00] [INFO] (/home3/redbarbe/public_html/telegram/webapps/action/hist_ost_poslug.php:12) SELECT a.name FROM `spr_acc` a, spr_users u WHERE u.active_account=a.acc and u.chat_id=a.chat_id and a.acc=158 
and u.club=(select id from spr_clubs where ip_club="109.86.110.220") limit 1
[2026-02-01 19:05:00] [INFO] (/home3/redbarbe/public_html/telegram/webapps/action/hist_ost_poslug.php:13) hist_ost_poslug
[2026-02-01 19:05:00] [INFO] (/home3/redbarbe/public_html/telegram/webapps/action/hist_ost_poslug.php:104) Array
(
    [acc] => 158
    [command] => GET_OST_POSLUG_ACC
)

[2026-02-01 19:05:00] [INFO] (/home3/redbarbe/public_html/telegram/webapps/action/hist_ost_poslug.php:105) ip=109.86.110.220
[2026-02-01 19:23:59] [INFO] (/home3/redbarbe/public_html/telegram/webapps/reports/report_pers_detal.php:22) Array
(
)

[2026-02-01 19:24:03] [INFO] (/home3/redbarbe/public_html/telegram/webapps/reports/report_pers_detal.php:22) Array
(
    [ajax_method] => 2
    [action] => report_pers_detal
    [action_report] => report_view
    [admin] => 5
    [date_from] => 01.02.2026
    [date_to] => 01.02.2026
    [ip_club] => 193.194.107.2
    [podr] => all
    [sotr] => 0311
)

[2026-02-01 19:31:03] [INFO] (/home3/redbarbe/public_html/telegram/webapps/action/ajax_get_tren.php:35) Array
(
    [0] => Array
        (
            [KOD] => 799721
            [TIME_FROM] => 10:00
            [TIME_TO] => 11:00               
            [CLIENTS_CNT] => 0
            [TOV_NAME] => Йога
            [ACC] => 0
            [CNTTRAN] => 0
            [CNTTRANRESERV] => 0
        )

    [1] => Array
        (
            [KOD] => 799871
            [TIME_FROM] => 18:00
            [TIME_TO] => 19:00               
            [CLIENTS_CNT] => 0
            [TOV_NAME] => Йога
            [ACC] => 0
            [CNTTRAN] => 0
            [CNTTRANRESERV] => 0
        )

    [2] => Array
        (
            [KOD] => 799921
            [TIME_FROM] => 18:00
            [TIME_TO] => 19:00               
            [CLIENTS_CNT] => 0
            [TOV_NAME] => Паркур Kids
            [ACC] => 0
            [CNTTRAN] => 0
            [CNTTRANRESERV] => 0
        )

    [3] => Array
        (
            [KOD] => 799771
            [TIME_FROM] => 19:00
            [TIME_TO] => 20:00               
            [CLIENTS_CNT] => 0
            [TOV_NAME] => Паркур
            [ACC] => 0
            [CNTTRAN] => 0
            [CNTTRANRESERV] => 0
        )

    [4] => Array
        (
            [KOD] => 799971
            [TIME_FROM] => 19:00
            [TIME_TO] => 20:00               
            [CLIENTS_CNT] => 0
            [TOV_NAME] => CrossActivity
            [ACC] => 0
            [CNTTRAN] => 0
            [CNTTRANRESERV] => 0
        )

    [5] => Array
        (
            [KOD] => 800021
            [TIME_FROM] => 19:00
            [TIME_TO] => 20:00               
            [CLIENTS_CNT] => 5
            [TOV_NAME] => Cycle
            [ACC] => 0
            [CNTTRAN] => 1
            [CNTTRANRESERV] => 0
        )

    [6] => Array
        (
            [KOD] => 799821
            [TIME_FROM] => 19:00
            [TIME_TO] => 20:00               
            [CLIENTS_CNT] => 0
            [TOV_NAME] => FitnessMix
            [ACC] => 0
            [CNTTRAN] => 0
            [CNTTRANRESERV] => 0
        )

)

[2026-02-01 19:31:03] [INFO] (/home3/redbarbe/public_html/telegram/webapps/action/ajax_get_tren.php:61) Array
(
    [KOD] => 799721
    [TIME_FROM] => 10:00
    [TIME_TO] => 11:00               
    [CLIENTS_CNT] => 0
    [TOV_NAME] => Йога
    [ACC] => 0
    [CNTTRAN] => 0
    [CNTTRANRESERV] => 0
)

[2026-02-01 19:31:03] [INFO] (/home3/redbarbe/public_html/telegram/webapps/action/ajax_get_tren.php:61) Array
(
    [KOD] => 799871
    [TIME_FROM] => 18:00
    [TIME_TO] => 19:00               
    [CLIENTS_CNT] => 0
    [TOV_NAME] => Йога
    [ACC] => 0
    [CNTTRAN] => 0
    [CNTTRANRESERV] => 0
)

[2026-02-01 19:31:03] [INFO] (/home3/redbarbe/public_html/telegram/webapps/action/ajax_get_tren.php:61) Array
(
    [KOD] => 799921
    [TIME_FROM] => 18:00
    [TIME_TO] => 19:00               
    [CLIENTS_CNT] => 0
    [TOV_NAME] => Паркур Kids
    [ACC] => 0
    [CNTTRAN] => 0
    [CNTTRANRESERV] => 0
)

[2026-02-01 19:31:03] [INFO] (/home3/redbarbe/public_html/telegram/webapps/action/ajax_get_tren.php:61) Array
(
    [KOD] => 799771
    [TIME_FROM] => 19:00
    [TIME_TO] => 20:00               
    [CLIENTS_CNT] => 0
    [TOV_NAME] => Паркур
    [ACC] => 0
    [CNTTRAN] => 0
    [CNTTRANRESERV] => 0
)

[2026-02-01 19:31:03] [INFO] (/home3/redbarbe/public_html/telegram/webapps/action/ajax_get_tren.php:61) Array
(
    [KOD] => 799971
    [TIME_FROM] => 19:00
    [TIME_TO] => 20:00               
    [CLIENTS_CNT] => 0
    [TOV_NAME] => CrossActivity
    [ACC] => 0
    [CNTTRAN] => 0
    [CNTTRANRESERV] => 0
)

[2026-02-01 19:31:03] [INFO] (/home3/redbarbe/public_html/telegram/webapps/action/ajax_get_tren.php:61) Array
(
    [KOD] => 800021
    [TIME_FROM] => 19:00
    [TIME_TO] => 20:00               
    [CLIENTS_CNT] => 5
    [TOV_NAME] => Cycle
    [ACC] => 0
    [CNTTRAN] => 1
    [CNTTRANRESERV] => 0
)

[2026-02-01 19:31:03] [INFO] (/home3/redbarbe/public_html/telegram/webapps/action/ajax_get_tren.php:61) Array
(
    [KOD] => 799821
    [TIME_FROM] => 19:00
    [TIME_TO] => 20:00               
    [CLIENTS_CNT] => 0
    [TOV_NAME] => FitnessMix
    [ACC] => 0
    [CNTTRAN] => 0
    [CNTTRANRESERV] => 0
)

[2026-02-01 19:41:34] [INFO] (/home3/redbarbe/public_html/telegram/webapps/reports/report_pers_detal.php:22) Array
(
)

[2026-02-01 19:41:39] [INFO] (/home3/redbarbe/public_html/telegram/webapps/reports/report_pers_detal.php:22) Array
(
    [ajax_method] => 2
    [action] => report_pers_detal
    [action_report] => report_view
    [admin] => 5
    [date_from] => 01.02.2026
    [date_to] => 01.02.2026
    [ip_club] => 178.151.119.180
    [podr] => all
    [sotr] => 0708
)

[2026-02-01 19:46:07] [INFO] (/home3/redbarbe/public_html/telegram/webapps/reports/report_pers_detal.php:22) Array
(
)

[2026-02-01 19:46:16] [INFO] (/home3/redbarbe/public_html/telegram/webapps/reports/report_pers_detal.php:22) Array
(
    [ajax_method] => 2
    [action] => report_pers_detal
    [action_report] => report_view
    [admin] => 5
    [date_from] => 01.02.2026
    [date_to] => 01.02.2026
    [ip_club] => 178.151.119.180
    [podr] => all
    [sotr] => 0708
)

[2026-02-01 20:08:36] [INFO] (/home3/redbarbe/public_html/telegram/webapps/action/ajax_get_tren.php:35) Array
(
    [0] => Array
        (
            [KOD] => 801376
            [TIME_FROM] => 09:00
            [TIME_TO] => 10:00               
            [CLIENTS_CNT] => 0
            [TOV_NAME] => CrossActivity
            [ACC] => 0
            [CNTTRAN] => 0
            [CNTTRANRESERV] => 0
        )

    [1] => Array
        (
            [KOD] => 801285
            [TIME_FROM] => 09:00
            [TIME_TO] => 10:00               
            [CLIENTS_CNT] => 0
            [TOV_NAME] => Total Body
            [ACC] => 0
            [CNTTRAN] => 0
            [CNTTRANRESERV] => 0
        )

    [2] => Array
        (
            [KOD] => 801259
            [TIME_FROM] => 17:00
            [TIME_TO] => 18:00               
            [CLIENTS_CNT] => 0
            [TOV_NAME] => Mobility
            [ACC] => 0
            [CNTTRAN] => 0
            [CNTTRANRESERV] => 0
        )

    [3] => Array
        (
            [KOD] => 801363
            [TIME_FROM] => 18:00
            [TIME_TO] => 19:00               
            [CLIENTS_CNT] => 0
            [TOV_NAME] => Паркур Kids
            [ACC] => 0
            [CNTTRAN] => 0
            [CNTTRANRESERV] => 0
        )

    [4] => Array
        (
            [KOD] => 801311
            [TIME_FROM] => 18:30
            [TIME_TO] => 19:30               
            [CLIENTS_CNT] => 0
            [TOV_NAME] => Pilates
            [ACC] => 0
            [CNTTRAN] => 0
            [CNTTRANRESERV] => 0
        )

    [5] => Array
        (
            [KOD] => 801337
            [TIME_FROM] => 19:00
            [TIME_TO] => 20:00               
            [CLIENTS_CNT] => 0
            [TOV_NAME] => Паркур
            [ACC] => 0
            [CNTTRAN] => 0
            [CNTTRANRESERV] => 0
        )

    [6] => Array
        (
            [KOD] => 801272
            [TIME_FROM] => 19:00
            [TIME_TO] => 20:00               
            [CLIENTS_CNT] => 0
            [TOV_NAME] => CrossActivity
            [ACC] => 0
            [CNTTRAN] => 0
            [CNTTRANRESERV] => 0
        )

    [7] => Array
        (
            [KOD] => 803775
            [TIME_FROM] => 19:00
            [TIME_TO] => 20:00               
            [CLIENTS_CNT] => 0
            [TOV_NAME] => Aesthetic Gymnastics
            [ACC] => 0
            [CNTTRAN] => 0
            [CNTTRANRESERV] => 0
        )

    [8] => Array
        (
            [KOD] => 801324
            [TIME_FROM] => 19:30
            [TIME_TO] => 20:30               
            [CLIENTS_CNT] => 0
            [TOV_NAME] => TRX
            [ACC] => 0
            [CNTTRAN] => 0
            [CNTTRANRESERV] => 0
        )

    [9] => Array
        (
            [KOD] => 801298
            [TIME_FROM] => 20:00
            [TIME_TO] => 21:00               
            [CLIENTS_CNT] => 0
            [TOV_NAME] => CrossActivity
            [ACC] => 0
            [CNTTRAN] => 0
            [CNTTRANRESERV] => 0
        )

    [10] => Array
        (
            [KOD] => 801350
            [TIME_FROM] => 20:00
            [TIME_TO] => 21:00               
            [CLIENTS_CNT] => 0
            [TOV_NAME] => Бокс
            [ACC] => 0
            [CNTTRAN] => 0
            [CNTTRANRESERV] => 0
        )

)

[2026-02-01 20:08:36] [INFO] (/home3/redbarbe/public_html/telegram/webapps/action/ajax_get_tren.php:61) Array
(
    [KOD] => 801376
    [TIME_FROM] => 09:00
    [TIME_TO] => 10:00               
    [CLIENTS_CNT] => 0
    [TOV_NAME] => CrossActivity
    [ACC] => 0
    [CNTTRAN] => 0
    [CNTTRANRESERV] => 0
)

[2026-02-01 20:08:36] [INFO] (/home3/redbarbe/public_html/telegram/webapps/action/ajax_get_tren.php:61) Array
(
    [KOD] => 801285
    [TIME_FROM] => 09:00
    [TIME_TO] => 10:00               
    [CLIENTS_CNT] => 0
    [TOV_NAME] => Total Body
    [ACC] => 0
    [CNTTRAN] => 0
    [CNTTRANRESERV] => 0
)

[2026-02-01 20:08:36] [INFO] (/home3/redbarbe/public_html/telegram/webapps/action/ajax_get_tren.php:61) Array
(
    [KOD] => 801259
    [TIME_FROM] => 17:00
    [TIME_TO] => 18:00               
    [CLIENTS_CNT] => 0
    [TOV_NAME] => Mobility
    [ACC] => 0
    [CNTTRAN] => 0
    [CNTTRANRESERV] => 0
)

[2026-02-01 20:08:36] [INFO] (/home3/redbarbe/public_html/telegram/webapps/action/ajax_get_tren.php:61) Array
(
    [KOD] => 801363
    [TIME_FROM] => 18:00
    [TIME_TO] => 19:00               
    [CLIENTS_CNT] => 0
    [TOV_NAME] => Паркур Kids
    [ACC] => 0
    [CNTTRAN] => 0
    [CNTTRANRESERV] => 0
)

[2026-02-01 20:08:36] [INFO] (/home3/redbarbe/public_html/telegram/webapps/action/ajax_get_tren.php:61) Array
(
    [KOD] => 801311
    [TIME_FROM] => 18:30
    [TIME_TO] => 19:30               
    [CLIENTS_CNT] => 0
    [TOV_NAME] => Pilates
    [ACC] => 0
    [CNTTRAN] => 0
    [CNTTRANRESERV] => 0
)

[2026-02-01 20:08:36] [INFO] (/home3/redbarbe/public_html/telegram/webapps/action/ajax_get_tren.php:61) Array
(
    [KOD] => 801337
    [TIME_FROM] => 19:00
    [TIME_TO] => 20:00               
    [CLIENTS_CNT] => 0
    [TOV_NAME] => Паркур
    [ACC] => 0
    [CNTTRAN] => 0
    [CNTTRANRESERV] => 0
)

[2026-02-01 20:08:36] [INFO] (/home3/redbarbe/public_html/telegram/webapps/action/ajax_get_tren.php:61) Array
(
    [KOD] => 801272
    [TIME_FROM] => 19:00
    [TIME_TO] => 20:00               
    [CLIENTS_CNT] => 0
    [TOV_NAME] => CrossActivity
    [ACC] => 0
    [CNTTRAN] => 0
    [CNTTRANRESERV] => 0
)

[2026-02-01 20:08:36] [INFO] (/home3/redbarbe/public_html/telegram/webapps/action/ajax_get_tren.php:61) Array
(
    [KOD] => 803775
    [TIME_FROM] => 19:00
    [TIME_TO] => 20:00               
    [CLIENTS_CNT] => 0
    [TOV_NAME] => Aesthetic Gymnastics
    [ACC] => 0
    [CNTTRAN] => 0
    [CNTTRANRESERV] => 0
)

[2026-02-01 20:08:36] [INFO] (/home3/redbarbe/public_html/telegram/webapps/action/ajax_get_tren.php:61) Array
(
    [KOD] => 801324
    [TIME_FROM] => 19:30
    [TIME_TO] => 20:30               
    [CLIENTS_CNT] => 0
    [TOV_NAME] => TRX
    [ACC] => 0
    [CNTTRAN] => 0
    [CNTTRANRESERV] => 0
)

[2026-02-01 20:08:36] [INFO] (/home3/redbarbe/public_html/telegram/webapps/action/ajax_get_tren.php:61) Array
(
    [KOD] => 801298
    [TIME_FROM] => 20:00
    [TIME_TO] => 21:00               
    [CLIENTS_CNT] => 0
    [TOV_NAME] => CrossActivity
    [ACC] => 0
    [CNTTRAN] => 0
    [CNTTRANRESERV] => 0
)

[2026-02-01 20:08:36] [INFO] (/home3/redbarbe/public_html/telegram/webapps/action/ajax_get_tren.php:61) Array
(
    [KOD] => 801350
    [TIME_FROM] => 20:00
    [TIME_TO] => 21:00               
    [CLIENTS_CNT] => 0
    [TOV_NAME] => Бокс
    [ACC] => 0
    [CNTTRAN] => 0
    [CNTTRANRESERV] => 0
)

[2026-02-01 20:08:40] [INFO] (/home3/redbarbe/public_html/telegram/webapps/action/ajax_fitness_zapis.php:22) Array
(
    [ajax_method] => 2
    [action] => ajax_fitness_zapis
    [dat] => 02.02.2026
    [acc] => 14459
    [trenid] => 801324
    [ost_all] => 100
    [ip_club] => 178.158.212.173
    [acctozapis] => 0
    [time_from] => 19:30
)

[2026-02-01 20:12:48] [INFO] (/home3/redbarbe/public_html/telegram/webapps/action/hist_grp.php:16) SELECT a.name FROM `spr_acc` a, spr_users u WHERE u.active_account=a.acc and u.chat_id=a.chat_id and a.acc=12325 
and u.club=(select id from spr_clubs where ip_club="212.26.139.90") limit 1
[2026-02-01 20:12:48] [INFO] (/home3/redbarbe/public_html/telegram/webapps/action/hist_grp.php:17) hist_grp
[2026-02-01 20:12:48] [INFO] (/home3/redbarbe/public_html/telegram/webapps/action/hist_grp.php:108) Array
(
    [dbeg] => 01.11.2025
    [dend] => today
    [acc] => 12325
    [command] => get_grp_history
)

[2026-02-01 20:12:48] [INFO] (/home3/redbarbe/public_html/telegram/webapps/action/hist_grp.php:109) ip=212.26.139.90
[2026-02-01 20:26:43] [INFO] (/home3/redbarbe/public_html/telegram/webapps/action/hist_ost_poslug.php:12) SELECT a.name FROM `spr_acc` a, spr_users u WHERE u.active_account=a.acc and u.chat_id=a.chat_id and a.acc=13780 
and u.club=(select id from spr_clubs where ip_club="212.26.139.90") limit 1
[2026-02-01 20:26:43] [INFO] (/home3/redbarbe/public_html/telegram/webapps/action/hist_ost_poslug.php:13) hist_ost_poslug
[2026-02-01 20:26:43] [INFO] (/home3/redbarbe/public_html/telegram/webapps/action/hist_ost_poslug.php:104) Array
(
    [acc] => 13780
    [command] => GET_OST_POSLUG_ACC
)

[2026-02-01 20:26:43] [INFO] (/home3/redbarbe/public_html/telegram/webapps/action/hist_ost_poslug.php:105) ip=212.26.139.90
[2026-02-01 20:27:44] [INFO] (/home3/redbarbe/public_html/telegram/webapps/action/hist_ind.php:16) SELECT a.name FROM `spr_acc` a, spr_users u WHERE u.active_account=a.acc and u.chat_id=a.chat_id and a.acc=13780 
and u.club=(select id from spr_clubs where ip_club="212.26.139.90") limit 1
[2026-02-01 20:27:44] [INFO] (/home3/redbarbe/public_html/telegram/webapps/action/hist_ind.php:17) hist_grp
[2026-02-01 20:27:44] [INFO] (/home3/redbarbe/public_html/telegram/webapps/action/hist_ind.php:108) Array
(
    [dbeg] => 01.11.2025
    [dend] => today
    [acc] => 13780
    [command] => get_ind_history
)

[2026-02-01 20:27:44] [INFO] (/home3/redbarbe/public_html/telegram/webapps/action/hist_ind.php:109) ip=212.26.139.90
[2026-02-01 20:44:04] [INFO] (/home3/redbarbe/public_html/telegram/webapps/action/hist_ind.php:16) SELECT a.name FROM `spr_acc` a, spr_users u WHERE u.active_account=a.acc and u.chat_id=a.chat_id and a.acc=13670 
and u.club=(select id from spr_clubs where ip_club="212.26.139.90") limit 1
[2026-02-01 20:44:04] [INFO] (/home3/redbarbe/public_html/telegram/webapps/action/hist_ind.php:17) hist_grp
[2026-02-01 20:44:04] [INFO] (/home3/redbarbe/public_html/telegram/webapps/action/hist_ind.php:108) Array
(
    [dbeg] => 01.11.2025
    [dend] => today
    [acc] => 13670
    [command] => get_ind_history
)

[2026-02-01 20:44:04] [INFO] (/home3/redbarbe/public_html/telegram/webapps/action/hist_ind.php:109) ip=212.26.139.90
[2026-02-01 20:44:10] [INFO] (/home3/redbarbe/public_html/telegram/webapps/action/hist_ost_poslug.php:12) SELECT a.name FROM `spr_acc` a, spr_users u WHERE u.active_account=a.acc and u.chat_id=a.chat_id and a.acc=13670 
and u.club=(select id from spr_clubs where ip_club="212.26.139.90") limit 1
[2026-02-01 20:44:10] [INFO] (/home3/redbarbe/public_html/telegram/webapps/action/hist_ost_poslug.php:13) hist_ost_poslug
[2026-02-01 20:44:10] [INFO] (/home3/redbarbe/public_html/telegram/webapps/action/hist_ost_poslug.php:104) Array
(
    [acc] => 13670
    [command] => GET_OST_POSLUG_ACC
)

[2026-02-01 20:44:10] [INFO] (/home3/redbarbe/public_html/telegram/webapps/action/hist_ost_poslug.php:105) ip=212.26.139.90
[2026-02-01 20:55:16] [INFO] (/home3/redbarbe/public_html/telegram/webapps/action/ajax_get_tren.php:35) Array
(
    [0] => Array
        (
            [KOD] => 798829
            [TIME_FROM] => 11:00
            [TIME_TO] => 12:00               
            [CLIENTS_CNT] => 5
            [TOV_NAME] => Cycle
            [ACC] => 0
            [CNTTRAN] => 5
            [CNTTRANRESERV] => 0
        )

    [1] => Array
        (
            [KOD] => 798831
            [TIME_FROM] => 12:00
            [TIME_TO] => 13:00               
            [CLIENTS_CNT] => 0
            [TOV_NAME] => Stretching
            [ACC] => 0
            [CNTTRAN] => 4
            [CNTTRANRESERV] => 0
        )

)

[2026-02-01 20:55:16] [INFO] (/home3/redbarbe/public_html/telegram/webapps/action/ajax_get_tren.php:61) Array
(
    [KOD] => 798829
    [TIME_FROM] => 11:00
    [TIME_TO] => 12:00               
    [CLIENTS_CNT] => 5
    [TOV_NAME] => Cycle
    [ACC] => 0
    [CNTTRAN] => 5
    [CNTTRANRESERV] => 0
)

[2026-02-01 20:55:16] [INFO] (/home3/redbarbe/public_html/telegram/webapps/action/ajax_get_tren.php:61) Array
(
    [KOD] => 798831
    [TIME_FROM] => 12:00
    [TIME_TO] => 13:00               
    [CLIENTS_CNT] => 0
    [TOV_NAME] => Stretching
    [ACC] => 0
    [CNTTRAN] => 4
    [CNTTRANRESERV] => 0
)

[2026-02-01 21:29:05] [INFO] (/home3/redbarbe/public_html/telegram/webapps/action/ajax_get_tren.php:35) Array
(
    [0] => Array
        (
            [KOD] => 857489
            [TIME_FROM] => 09:00
            [TIME_TO] => 10:00               
            [CLIENTS_CNT] => 0
            [TOV_NAME] => Пілатес
            [ACC] => 0
            [CNTTRAN] => 0
            [CNTTRANRESERV] => 0
        )

    [1] => Array
        (
            [KOD] => 857697
            [TIME_FROM] => 18:00
            [TIME_TO] => 19:00               
            [CLIENTS_CNT] => 0
            [TOV_NAME] => F.B.T. (Fat burn traning)
            [ACC] => 0
            [CNTTRAN] => 0
            [CNTTRANRESERV] => 0
        )

    [2] => Array
        (
            [KOD] => 857281
            [TIME_FROM] => 19:00
            [TIME_TO] => 20:00               
            [CLIENTS_CNT] => 0
            [TOV_NAME] => Stretching & Mobility
            [ACC] => 0
            [CNTTRAN] => 0
            [CNTTRANRESERV] => 0
        )

)

[2026-02-01 21:29:05] [INFO] (/home3/redbarbe/public_html/telegram/webapps/action/ajax_get_tren.php:61) Array
(
    [KOD] => 857489
    [TIME_FROM] => 09:00
    [TIME_TO] => 10:00               
    [CLIENTS_CNT] => 0
    [TOV_NAME] => Пілатес
    [ACC] => 0
    [CNTTRAN] => 0
    [CNTTRANRESERV] => 0
)

[2026-02-01 21:29:05] [INFO] (/home3/redbarbe/public_html/telegram/webapps/action/ajax_get_tren.php:61) Array
(
    [KOD] => 857697
    [TIME_FROM] => 18:00
    [TIME_TO] => 19:00               
    [CLIENTS_CNT] => 0
    [TOV_NAME] => F.B.T. (Fat burn traning)
    [ACC] => 0
    [CNTTRAN] => 0
    [CNTTRANRESERV] => 0
)

[2026-02-01 21:29:05] [INFO] (/home3/redbarbe/public_html/telegram/webapps/action/ajax_get_tren.php:61) Array
(
    [KOD] => 857281
    [TIME_FROM] => 19:00
    [TIME_TO] => 20:00               
    [CLIENTS_CNT] => 0
    [TOV_NAME] => Stretching & Mobility
    [ACC] => 0
    [CNTTRAN] => 0
    [CNTTRANRESERV] => 0
)

[2026-02-01 22:34:26] [INFO] (/home3/redbarbe/public_html/telegram/webapps/action/my_zapis.php:104) Нет связи с сервером
[2026-02-01 22:40:45] [INFO] (/home3/redbarbe/public_html/telegram/webapps/action/hist_ost_poslug.php:12) SELECT a.name FROM `spr_acc` a, spr_users u WHERE u.active_account=a.acc and u.chat_id=a.chat_id and a.acc=90 
and u.club=(select id from spr_clubs where ip_club="109.86.110.220") limit 1
[2026-02-01 22:40:45] [INFO] (/home3/redbarbe/public_html/telegram/webapps/action/hist_ost_poslug.php:13) hist_ost_poslug
[2026-02-01 22:40:45] [INFO] (/home3/redbarbe/public_html/telegram/webapps/action/hist_ost_poslug.php:104) Array
(
    [acc] => 90
    [command] => GET_OST_POSLUG_ACC
)

[2026-02-01 22:40:45] [INFO] (/home3/redbarbe/public_html/telegram/webapps/action/hist_ost_poslug.php:105) ip=109.86.110.220
[2026-02-01 23:06:31] [INFO] (/home3/redbarbe/public_html/telegram/webapps/action/my_zapis.php:104) Нет связи с сервером
